C:\Program Files\dotnet\sdk\10.0.100-rc.2.25502.107\Sdks\Microsoft.NET.Sdk\targets\Microsoft.NET.RuntimeIdentifierInference.targets(351,5): message NETSDK1057: You are using a preview version of .NET. See: https://aka.ms/dotnet-support-policy [C:\Users\spare\source\repos\ga\Apps\GA.TabConversion.Api\GA.TabConversion.Api.csproj]
C:\Program Files\dotnet\sdk\10.0.100-rc.2.25502.107\Sdks\Microsoft.NET.Sdk\targets\Microsoft.NET.RuntimeIdentifierInference.targets(351,5): message NETSDK1057: You are using a preview version of .NET. See: https://aka.ms/dotnet-support-policy [C:\Users\spare\source\repos\ga\Apps\GpuBenchmark\GpuBenchmark.csproj]
C:\Program Files\dotnet\sdk\10.0.100-rc.2.25502.107\Sdks\Microsoft.NET.Sdk\targets\Microsoft.NET.RuntimeIdentifierInference.targets(351,5): message NETSDK1057: You are using a preview version of .NET. See: https://aka.ms/dotnet-support-policy [C:\Users\spare\source\repos\ga\Apps\GaDataCLI\GaDataCLI.csproj]
C:\Program Files\dotnet\sdk\10.0.100-rc.2.25502.107\Sdks\Microsoft.NET.Sdk\targets\Microsoft.NET.RuntimeIdentifierInference.targets(351,5): message NETSDK1057: You are using a preview version of .NET. See: https://aka.ms/dotnet-support-policy [C:\Users\spare\source\repos\ga\Apps\MongoVerify\MongoVerify.csproj]
C:\Program Files\dotnet\sdk\10.0.100-rc.2.25502.107\Sdks\Microsoft.NET.Sdk\targets\Microsoft.NET.RuntimeIdentifierInference.targets(351,5): message NETSDK1057: You are using a preview version of .NET. See: https://aka.ms/dotnet-support-policy [C:\Users\spare\source\repos\ga\Apps\ga-server\GA.AI.Service\GA.AI.Service.csproj]
C:\Program Files\dotnet\sdk\10.0.100-rc.2.25502.107\Sdks\Microsoft.NET.Sdk\targets\Microsoft.NET.RuntimeIdentifierInference.targets(351,5): message NETSDK1057: You are using a preview version of .NET. See: https://aka.ms/dotnet-support-policy [C:\Users\spare\source\repos\ga\Apps\GuitarAlchemistChatbot\GuitarAlchemistChatbot.csproj]
C:\Program Files\dotnet\sdk\10.0.100-rc.2.25502.107\Sdks\Microsoft.NET.Sdk\targets\Microsoft.NET.RuntimeIdentifierInference.targets(351,5): message NETSDK1057: You are using a preview version of .NET. See: https://aka.ms/dotnet-support-policy [C:\Users\spare\source\repos\ga\Apps\VectorSearchBenchmark\VectorSearchBenchmark.csproj]
C:\Users\spare\source\repos\ga\Apps\GpuBenchmark\GpuBenchmark.csproj : warning NU1903: Package 'Newtonsoft.Json' 9.0.1 has a known high severity vulnerability, https://github.com/advisories/GHSA-5crp-9r3c-p9vr
C:\Users\spare\source\repos\ga\Apps\GaDataCLI\GaDataCLI.csproj : warning NU1903: Package 'Newtonsoft.Json' 9.0.1 has a known high severity vulnerability, https://github.com/advisories/GHSA-5crp-9r3c-p9vr
C:\Users\spare\source\repos\ga\Apps\ga-server\GA.AI.Service\GA.AI.Service.csproj : warning NU1902: Package 'OpenTelemetry.Api' 1.10.0 has a known moderate severity vulnerability, https://github.com/advisories/GHSA-8785-wc3w-h8q6
C:\Users\spare\source\repos\ga\Apps\GuitarAlchemistChatbot\GuitarAlchemistChatbot.csproj : warning NU1510: PackageReference Microsoft.Extensions.Logging.Abstractions will not be pruned. Consider removing this package from your dependencies, as it is likely unnecessary.
C:\Users\spare\source\repos\ga\Apps\GuitarAlchemistChatbot\GuitarAlchemistChatbot.csproj : warning NU1902: Package 'OpenTelemetry.Api' 1.10.0 has a known moderate severity vulnerability, https://github.com/advisories/GHSA-8785-wc3w-h8q6
C:\Users\spare\source\repos\ga\Apps\VectorSearchBenchmark\VectorSearchBenchmark.csproj : warning NU1902: Package 'OpenTelemetry.Api' 1.10.0 has a known moderate severity vulnerability, https://github.com/advisories/GHSA-8785-wc3w-h8q6
C:\Program Files\dotnet\sdk\10.0.100-rc.2.25502.107\Sdks\Microsoft.NET.Sdk\targets\Microsoft.NET.RuntimeIdentifierInference.targets(351,5): message NETSDK1057: You are using a preview version of .NET. See: https://aka.ms/dotnet-support-policy [C:\Users\spare\source\repos\ga\Apps\FretboardChordTest\FretboardChordTest.csproj]
C:\Program Files\dotnet\sdk\10.0.100-rc.2.25502.107\Sdks\Microsoft.NET.Sdk\targets\Microsoft.NET.RuntimeIdentifierInference.targets(351,5): message NETSDK1057: You are using a preview version of .NET. See: https://aka.ms/dotnet-support-policy [C:\Users\spare\source\repos\ga\Apps\InternetContentDemo\InternetContentDemo.csproj]
C:\Program Files\dotnet\sdk\10.0.100-rc.2.25502.107\Sdks\Microsoft.NET.Sdk\targets\Microsoft.NET.RuntimeIdentifierInference.targets(351,5): message NETSDK1057: You are using a preview version of .NET. See: https://aka.ms/dotnet-support-policy [C:\Users\spare\source\repos\ga\Apps\InteractiveTutorial\InteractiveTutorial.csproj]
C:\Program Files\dotnet\sdk\10.0.100-rc.2.25502.107\Sdks\Microsoft.NET.Sdk\targets\Microsoft.NET.RuntimeIdentifierInference.targets(351,5): message NETSDK1057: You are using a preview version of .NET. See: https://aka.ms/dotnet-support-policy [C:\Users\spare\source\repos\ga\Apps\EmbeddingGenerator\EmbeddingGenerator.csproj]
C:\Program Files\dotnet\sdk\10.0.100-rc.2.25502.107\Sdks\Microsoft.NET.Sdk\targets\Microsoft.NET.RuntimeIdentifierInference.targets(351,5): message NETSDK1057: You are using a preview version of .NET. See: https://aka.ms/dotnet-support-policy [C:\Users\spare\source\repos\ga\Apps\MongoImporter\MongoImporter.csproj]
C:\Program Files\dotnet\sdk\10.0.100-rc.2.25502.107\Sdks\Microsoft.NET.Sdk\targets\Microsoft.NET.RuntimeIdentifierInference.targets(351,5): message NETSDK1057: You are using a preview version of .NET. See: https://aka.ms/dotnet-support-policy [C:\Users\spare\source\repos\ga\Apps\ga-server\GaApi\CUDA\VectorOperations.csproj]
C:\Program Files\dotnet\sdk\10.0.100-rc.2.25502.107\Sdks\Microsoft.NET.Sdk\targets\Microsoft.NET.RuntimeIdentifierInference.targets(351,5): message NETSDK1057: You are using a preview version of .NET. See: https://aka.ms/dotnet-support-policy [C:\Users\spare\source\repos\ga\Apps\LocalEmbedding\LocalEmbedding.csproj]
C:\Program Files\dotnet\sdk\10.0.100-rc.2.25502.107\Sdks\Microsoft.NET.Sdk\targets\Microsoft.NET.RuntimeIdentifierInference.targets(351,5): message NETSDK1057: You are using a preview version of .NET. See: https://aka.ms/dotnet-support-policy [C:\Users\spare\source\repos\ga\Apps\ga-server\GA.Fretboard.Service\GA.Fretboard.Service.csproj]
C:\Program Files\dotnet\sdk\10.0.100-rc.2.25502.107\Sdks\Microsoft.NET.Sdk\targets\Microsoft.NET.RuntimeIdentifierInference.targets(351,5): message NETSDK1057: You are using a preview version of .NET. See: https://aka.ms/dotnet-support-policy [C:\Users\spare\source\repos\ga\Apps\GaMusicTheoryLsp\GaMusicTheoryLsp.fsproj]
C:\Program Files\dotnet\sdk\10.0.100-rc.2.25502.107\Sdks\Microsoft.NET.Sdk\targets\Microsoft.NET.RuntimeIdentifierInference.targets(351,5): message NETSDK1057: You are using a preview version of .NET. See: https://aka.ms/dotnet-support-policy [C:\Users\spare\source\repos\ga\Apps\FloorManager\FloorManager.csproj]
C:\Users\spare\source\repos\ga\Apps\FloorManager\FloorManager.csproj : warning NU1902: Package 'OpenTelemetry.Api' 1.10.0 has a known moderate severity vulnerability, https://github.com/advisories/GHSA-8785-wc3w-h8q6
C:\Program Files\dotnet\sdk\10.0.100-rc.2.25502.107\Sdks\Microsoft.NET.Sdk\targets\Microsoft.NET.RuntimeIdentifierInference.targets(351,5): message NETSDK1057: You are using a preview version of .NET. See: https://aka.ms/dotnet-support-policy [C:\Users\spare\source\repos\ga\Apps\ga-server\GaApi\GaApi.csproj]
C:\Program Files\dotnet\sdk\10.0.100-rc.2.25502.107\Sdks\Microsoft.NET.Sdk\targets\Microsoft.NET.RuntimeIdentifierInference.targets(351,5): message NETSDK1057: You are using a preview version of .NET. See: https://aka.ms/dotnet-support-policy [C:\Users\spare\source\repos\ga\Apps\ScenesService\ScenesService.csproj]
C:\Program Files\dotnet\sdk\10.0.100-rc.2.25502.107\Sdks\Microsoft.NET.Sdk\targets\Microsoft.NET.RuntimeIdentifierInference.targets(351,5): message NETSDK1057: You are using a preview version of .NET. See: https://aka.ms/dotnet-support-policy [C:\Users\spare\source\repos\ga\Apps\AdvancedMathematicsDemo\AdvancedMathematicsDemo.csproj]
C:\Users\spare\source\repos\ga\Apps\FretboardChordTest\FretboardChordTest.csproj : warning NU1903: Package 'Newtonsoft.Json' 9.0.1 has a known high severity vulnerability, https://github.com/advisories/GHSA-5crp-9r3c-p9vr
C:\Users\spare\source\repos\ga\Apps\ga-server\GA.Fretboard.Service\GA.Fretboard.Service.csproj : warning NU1902: Package 'OpenTelemetry.Api' 1.10.0 has a known moderate severity vulnerability, https://github.com/advisories/GHSA-8785-wc3w-h8q6
C:\Users\spare\source\repos\ga\Apps\ga-server\GaApi\GaApi.csproj : warning NU1510: PackageReference Microsoft.AspNetCore.Components.Web will not be pruned. Consider removing this package from your dependencies, as it is likely unnecessary.
C:\Users\spare\source\repos\ga\Apps\ga-server\GaApi\GaApi.csproj : warning NU1902: Package 'OpenTelemetry.Api' 1.10.0 has a known moderate severity vulnerability, https://github.com/advisories/GHSA-8785-wc3w-h8q6
C:\Users\spare\source\repos\ga\GaMcpServer\GaMcpServer.csproj : warning NU1903: Package 'Newtonsoft.Json' 9.0.1 has a known high severity vulnerability, https://github.com/advisories/GHSA-5crp-9r3c-p9vr
C:\Users\spare\source\repos\ga\GaMcpServer\GaMcpServer.csproj : warning NU1902: Package 'OpenTelemetry.Api' 1.10.0 has a known moderate severity vulnerability, https://github.com/advisories/GHSA-8785-wc3w-h8q6
C:\Users\spare\source\repos\ga\Common\GA.Business.Core\GA.Business.Core.csproj : warning NU1903: Package 'Newtonsoft.Json' 9.0.1 has a known high severity vulnerability, https://github.com/advisories/GHSA-5crp-9r3c-p9vr
C:\Users\spare\source\repos\ga\AllProjects.AppHost\AllProjects.AppHost.csproj : warning NU1902: Package 'OpenTelemetry.Api' 1.10.0 has a known moderate severity vulnerability, https://github.com/advisories/GHSA-8785-wc3w-h8q6
  VectorOperations -> C:\Users\spare\source\repos\ga\Apps\ga-server\GaApi\CUDA\bin\Debug\net10.0\VectorOperations.dll
C:\Users\spare\source\repos\ga\AllProjects.ServiceDefaults\AllProjects.ServiceDefaults.csproj : warning NU1902: Package 'OpenTelemetry.Api' 1.10.0 has a known moderate severity vulnerability, https://github.com/advisories/GHSA-8785-wc3w-h8q6
C:\Users\spare\source\repos\ga\Common\GA.Business.Microservices\GA.Business.Microservices.csproj : warning NU1903: Package 'Newtonsoft.Json' 9.0.1 has a known high severity vulnerability, https://github.com/advisories/GHSA-5crp-9r3c-p9vr
C:\Users\spare\source\repos\ga\Common\GA.Business.Core.Generated\GA.Business.Core.TypeProviders.fsproj : warning NU1903: Package 'Microsoft.Build.Tasks.Core' 17.0.0 has a known high severity vulnerability, https://github.com/advisories/GHSA-h4j7-5rxr-p4wc
C:\Users\spare\source\repos\ga\Common\GA.Business.Core.Generated\GA.Business.Core.TypeProviders.fsproj : warning NU1903: Package 'Newtonsoft.Json' 9.0.1 has a known high severity vulnerability, https://github.com/advisories/GHSA-5crp-9r3c-p9vr
C:\Users\spare\source\repos\ga\Common\GA.Business.Core.Generated\GA.Business.Core.TypeProviders.fsproj : warning NU1904: Package 'System.Drawing.Common' 4.7.0 has a known critical severity vulnerability, https://github.com/advisories/GHSA-rxg9-xrhp-64gj
C:\Users\spare\source\repos\ga\Common\GA.Business.Core.Generated\GA.Business.Core.TypeProviders.fsproj : warning NU1902: Package 'System.Security.Cryptography.Xml' 4.7.0 has a known moderate severity vulnerability, https://github.com/advisories/GHSA-vh55-786g-wjwj
C:\Users\spare\source\repos\ga\Common\GA.Business.Querying\GA.Business.Querying.fsproj : warning NU1504: Duplicate 'PackageReference' items found. Remove the duplicate items or use the Update functionality to ensure a consistent restore behavior. The duplicate 'PackageReference' items are: FSharp.Core 10.0.100-rc2.25502.107, FSharp.Core 10.0.100-rc2.25502.107.
C:\Users\spare\source\repos\ga\Common\GA.Business.UI\GA.Business.UI.csproj : warning NU1903: Package 'Newtonsoft.Json' 9.0.1 has a known high severity vulnerability, https://github.com/advisories/GHSA-5crp-9r3c-p9vr
C:\Users\spare\source\repos\ga\Common\GA.InteractiveExtension\GA.InteractiveExtension.csproj : warning NU1903: Package 'Newtonsoft.Json' 9.0.1 has a known high severity vulnerability, https://github.com/advisories/GHSA-5crp-9r3c-p9vr
C:\Users\spare\source\repos\ga\Common\GA.Business.Querying\GA.Business.Querying.fsproj : warning NU1903: Package 'Newtonsoft.Json' 9.0.1 has a known high severity vulnerability, https://github.com/advisories/GHSA-5crp-9r3c-p9vr
  ChordSystemTest -> C:\Users\spare\source\repos\ga\ChordSystemTest\bin\Debug\net10.0\ChordSystemTest.dll
C:\Users\spare\source\repos\ga\Apps\ChordNamingDemo\ChordNamingDemo.csproj : warning NU1903: Package 'Newtonsoft.Json' 9.0.1 has a known high severity vulnerability, https://github.com/advisories/GHSA-5crp-9r3c-p9vr
C:\Users\spare\source\repos\ga\Apps\MusicalAnalysisApp\MusicalAnalysisApp.csproj : warning NU1510: PackageReference System.Threading.Channels will not be pruned. Consider removing this package from your dependencies, as it is likely unnecessary.
C:\Users\spare\source\repos\ga\Apps\MusicalAnalysisApp\MusicalAnalysisApp.csproj : warning NU1510: PackageReference System.Threading.Tasks.Dataflow will not be pruned. Consider removing this package from your dependencies, as it is likely unnecessary.
C:\Users\spare\source\repos\ga\Common\GA.BSP.Core\GA.BSP.Core.csproj : warning NU1903: Package 'Newtonsoft.Json' 9.0.1 has a known high severity vulnerability, https://github.com/advisories/GHSA-5crp-9r3c-p9vr
C:\Users\spare\source\repos\ga\Apps\PsychoacousticVoicingDemo\PsychoacousticVoicingDemo.csproj : warning NU1903: Package 'Newtonsoft.Json' 9.0.1 has a known high severity vulnerability, https://github.com/advisories/GHSA-5crp-9r3c-p9vr
  EmbeddingGenerator -> C:\Users\spare\source\repos\ga\Apps\EmbeddingGenerator\bin\Debug\net10.0\EmbeddingGenerator.dll
  GuitarChordProgressionMCTS -> C:\Users\spare\source\repos\ga\GuitarChordProgressionMCTS\bin\Debug\net10.0\GuitarChordProgressionMCTS.dll
C:\Users\spare\source\repos\ga\Apps\PerformanceOptimizationDemo\PerformanceOptimizationDemo.csproj : warning NU1510: PackageReference System.Threading.Channels will not be pruned. Consider removing this package from your dependencies, as it is likely unnecessary.
C:\Users\spare\source\repos\ga\Apps\PerformanceOptimizationDemo\PerformanceOptimizationDemo.csproj : warning NU1510: PackageReference System.Threading.Tasks.Dataflow will not be pruned. Consider removing this package from your dependencies, as it is likely unnecessary.
  GA.Config -> C:\Users\spare\source\repos\ga\Common\GA.Config\bin\Debug\net10.0\GA.Config.dll
  GA.MusicTheory.DSL -> C:\Users\spare\source\repos\ga\Common\GA.MusicTheory.DSL\bin\Debug\net10.0\GA.MusicTheory.DSL.dll
C:\Users\spare\source\repos\ga\Experiments\UseGaNugetPackageExample\UseGaNugetPackageExample.csproj : warning NU1903: Package 'Newtonsoft.Json' 9.0.1 has a known high severity vulnerability, https://github.com/advisories/GHSA-5crp-9r3c-p9vr
C:\Users\spare\source\repos\ga\Tests\Apps\GaApi.Tests\GaApi.Tests.csproj : warning NU1902: Package 'OpenTelemetry.Api' 1.10.0 has a known moderate severity vulnerability, https://github.com/advisories/GHSA-8785-wc3w-h8q6
  GA.Data.SemanticKernel.Embeddings -> C:\Users\spare\source\repos\ga\GA.Data.SemanticKernel.Embeddings\bin\Debug\net10.0\GA.Data.SemanticKernel.Embeddings.dll
  AllProjects.ServiceDefaults -> C:\Users\spare\source\repos\ga\AllProjects.ServiceDefaults\bin\Debug\net10.0\AllProjects.ServiceDefaults.dll
C:\Users\spare\source\repos\ga\Tests\Apps\GuitarAlchemistChatbot.Tests\GuitarAlchemistChatbot.Tests.csproj : warning NU1902: Package 'OpenTelemetry.Api' 1.10.0 has a known moderate severity vulnerability, https://github.com/advisories/GHSA-8785-wc3w-h8q6
  BSPDemo -> C:\Users\spare\source\repos\ga\Apps\BSPDemo\bin\Debug\net10.0\BSPDemo.dll
  MongoVerify -> C:\Users\spare\source\repos\ga\Apps\MongoVerify\bin\Debug\net10.0\MongoVerify.dll
  ScenesService -> C:\Users\spare\source\repos\ga\Apps\ScenesService\bin\Debug\net10.0\ScenesService.dll
  GA.Business.Web -> C:\Users\spare\source\repos\ga\Common\GA.Business.Web\bin\Debug\net10.0\GA.Business.Web.dll
  LocalEmbedding -> C:\Users\spare\source\repos\ga\Apps\LocalEmbedding\bin\Debug\net10.0\LocalEmbedding.dll
  FloorManager.Tests.Playwright -> C:\Users\spare\source\repos\ga\Tests\FloorManager.Tests.Playwright\bin\Debug\net10.0\FloorManager.Tests.Playwright.dll
  MyFirstMCP -> C:\Users\spare\source\repos\ga\Experiments\MyFirstMCP\bin\Debug\net10.0\MyFirstMCP.dll
  GA.MusicTheory.DSL.Tests -> C:\Users\spare\source\repos\ga\Tests\Common\GA.MusicTheory.DSL.Tests\bin\Debug\net10.0\GA.MusicTheory.DSL.Tests.dll
  MongoImporter -> C:\Users\spare\source\repos\ga\Apps\MongoImporter\bin\Debug\net10.0\MongoImporter.dll
  GA.Core -> C:\Users\spare\source\repos\ga\Common\GA.Core\bin\Debug\net10.0\GA.Core.dll
C:\Users\spare\source\repos\ga\Common\GA.Business.Config\GA.Business.Config.fsproj : warning NU1504: Duplicate 'PackageReference' items found. Remove the duplicate items or use the Update functionality to ensure a consistent restore behavior. The duplicate 'PackageReference' items are: FSharp.Core 10.0.100-rc2.25502.107, FSharp.Core 10.0.100-rc2.25502.107.
  GuitarAlchemistChatbot.Tests.Playwright -> C:\Users\spare\source\repos\ga\Tests\GuitarAlchemistChatbot.Tests.Playwright\bin\Debug\net10.0\GuitarAlchemistChatbot.Tests.Playwright.dll
  GA.Business.Graphiti -> C:\Users\spare\source\repos\ga\Common\GA.Business.Graphiti\bin\Debug\net10.0\GA.Business.Graphiti.dll
  GA.Business.Assets -> C:\Users\spare\source\repos\ga\Common\GA.Business.Assets\bin\Debug\net10.0\GA.Business.Assets.dll
  GA.Business.Config -> C:\Users\spare\source\repos\ga\Common\GA.Business.Config\bin\Debug\net10.0\GA.Business.Config.dll
  PracticeRoutineDSLDemo -> C:\Users\spare\source\repos\ga\Apps\PracticeRoutineDSLDemo\bin\Debug\net10.0\PracticeRoutineDSLDemo.dll
  InternetContentDemo -> C:\Users\spare\source\repos\ga\Apps\InternetContentDemo\bin\Debug\net10.0\InternetContentDemo.dll
  PerformanceOptimizationDemo -> C:\Users\spare\source\repos\ga\Apps\PerformanceOptimizationDemo\bin\Debug\net10.0\PerformanceOptimizationDemo.dll
  ReactApp1.Server -> C:\Users\spare\source\repos\ga\Experiments\React\ReactApp1.Server\bin\Debug\net10.0\ReactApp1.Server.dll
  AdvancedMathematicsDemo -> C:\Users\spare\source\repos\ga\Apps\AdvancedMathematicsDemo\bin\Debug\net10.0\AdvancedMathematicsDemo.dll
  ChatbotExample1 -> C:\Users\spare\source\repos\ga\Experiments\ChatbotExample1\bin\Debug\net10.0\ChatbotExample1.dll
  GA.Core.UI -> C:\Users\spare\source\repos\ga\Common\GA.Core.UI\bin\Debug\net10.0\GA.Core.UI.dll
  GA.Business.Core.Graphiti.Tests -> C:\Users\spare\source\repos\ga\Tests\Common\GA.Business.Core.Graphiti.Tests\bin\Debug\net10.0\GA.Business.Core.Graphiti.Tests.dll
  GA.Core.Tests -> C:\Users\spare\source\repos\ga\Tests\Common\GA.Core.Tests\bin\Debug\net10.0\GA.Core.Tests.dll
  GaMusicTheoryLsp -> C:\Users\spare\source\repos\ga\Apps\GaMusicTheoryLsp\bin\Debug\net10.0\ga-music-theory-lsp.dll
  MusicalAnalysisApp -> C:\Users\spare\source\repos\ga\Apps\MusicalAnalysisApp\bin\Debug\net10.0\MusicalAnalysisApp.dll
  GA.Data.EntityFramework -> C:\Users\spare\source\repos\ga\Common\GA.Data.EntityFramework\bin\Debug\net10.0\GA.Data.EntityFramework.dll
  GA.Business.Core -> C:\Users\spare\source\repos\ga\Common\GA.Business.Core\bin\Debug\net10.0\GA.Business.Core.dll
C:\Users\spare\source\repos\ga\Common\GA.Business.Core\GA.Business.Core.csproj : warning NU1903: Package 'Newtonsoft.Json' 9.0.1 has a known high severity vulnerability, https://github.com/advisories/GHSA-5crp-9r3c-p9vr
C:\Program Files\dotnet\sdk\10.0.100-rc.2.25502.107\Microsoft.Common.CurrentVersion.targets(2189,5): warning MSB9008: The referenced project ..\..\..\Common\GA.Business.Core.Fretboard\GA.Business.Core.Fretboard.csproj does not exist. [C:\Users\spare\source\repos\ga\Apps\ga-server\GA.Fretboard.Service\GA.Fretboard.Service.csproj]
  GpuBenchmark -> C:\Users\spare\source\repos\ga\Apps\GpuBenchmark\bin\Debug\net10.0\GpuBenchmark.dll
  GA.Interactive.LocalNuGet -> C:\Users\spare\source\repos\ga\Common\GA.Interactive.LocalNuGet\bin\Debug\net10.0\GA.Interactive.LocalNuGet.dll
C:\Users\spare\source\repos\ga\Apps\ga-server\GA.Fretboard.Service\Controllers\ChordProgressionsController.cs(11,7): warning CS0105: The using directive for 'Microsoft.AspNetCore.RateLimiting' appeared previously in this namespace [C:\Users\spare\source\repos\ga\Apps\ga-server\GA.Fretboard.Service\GA.Fretboard.Service.csproj]
C:\Users\spare\source\repos\ga\Apps\ga-server\GA.Fretboard.Service\Controllers\ChordProgressionsController.cs(12,7): warning CS0105: The using directive for 'Microsoft.AspNetCore.Mvc' appeared previously in this namespace [C:\Users\spare\source\repos\ga\Apps\ga-server\GA.Fretboard.Service\GA.Fretboard.Service.csproj]
C:\Users\spare\source\repos\ga\Apps\ga-server\GA.Fretboard.Service\Controllers\ChordProgressionsController.cs(14,7): warning CS0105: The using directive for 'Microsoft.AspNetCore.RateLimiting' appeared previously in this namespace [C:\Users\spare\source\repos\ga\Apps\ga-server\GA.Fretboard.Service\GA.Fretboard.Service.csproj]
C:\Users\spare\source\repos\ga\Apps\ga-server\GA.Fretboard.Service\Controllers\ChordProgressionsController.cs(15,7): warning CS0105: The using directive for 'Microsoft.AspNetCore.Mvc' appeared previously in this namespace [C:\Users\spare\source\repos\ga\Apps\ga-server\GA.Fretboard.Service\GA.Fretboard.Service.csproj]
C:\Users\spare\source\repos\ga\Apps\ga-server\GA.Fretboard.Service\Controllers\ContextualChordsController.cs(13,31): error CS0234: The type or namespace name 'ChordExtension' does not exist in the namespace 'GA.Fretboard.Service.Models' (are you missing an assembly reference?) [C:\Users\spare\source\repos\ga\Apps\ga-server\GA.Fretboard.Service\GA.Fretboard.Service.csproj]
C:\Users\spare\source\repos\ga\Apps\ga-server\GA.Fretboard.Service\Controllers\ContextualChordsController.cs(14,34): error CS0234: The type or namespace name 'ChordStackingType' does not exist in the namespace 'GA.Fretboard.Service.Models' (are you missing an assembly reference?) [C:\Users\spare\source\repos\ga\Apps\ga-server\GA.Fretboard.Service\GA.Fretboard.Service.csproj]
C:\Users\spare\source\repos\ga\Apps\ga-server\GA.Fretboard.Service\Controllers\GuitarPlayingController.cs(5,19): error CS0234: The type or namespace name 'AI' does not exist in the namespace 'GA.Business' (are you missing an assembly reference?) [C:\Users\spare\source\repos\ga\Apps\ga-server\GA.Fretboard.Service\GA.Fretboard.Service.csproj]
C:\Users\spare\source\repos\ga\Apps\ga-server\GA.Fretboard.Service\Controllers\GuitarPlayingController.cs(6,19): error CS0234: The type or namespace name 'AI' does not exist in the namespace 'GA.Business' (are you missing an assembly reference?) [C:\Users\spare\source\repos\ga\Apps\ga-server\GA.Fretboard.Service\GA.Fretboard.Service.csproj]
C:\Users\spare\source\repos\ga\Apps\ga-server\GA.Fretboard.Service\Services\MongoDbService.cs(36,29): error CS0246: The type or namespace name 'MusicRoomDocument' could not be found (are you missing a using directive or an assembly reference?) [C:\Users\spare\source\repos\ga\Apps\ga-server\GA.Fretboard.Service\GA.Fretboard.Service.csproj]
C:\Users\spare\source\repos\ga\Apps\ga-server\GA.Fretboard.Service\Services\MongoDbService.cs(39,29): error CS0246: The type or namespace name 'RoomGenerationJob' could not be found (are you missing a using directive or an assembly reference?) [C:\Users\spare\source\repos\ga\Apps\ga-server\GA.Fretboard.Service\GA.Fretboard.Service.csproj]
C:\Users\spare\source\repos\ga\Apps\ga-server\GA.Fretboard.Service\Services\MongoDbService.cs(208,23): error CS0246: The type or namespace name 'ChordStatistics' could not be found (are you missing a using directive or an assembly reference?) [C:\Users\spare\source\repos\ga\Apps\ga-server\GA.Fretboard.Service\GA.Fretboard.Service.csproj]
C:\Users\spare\source\repos\ga\Apps\ga-server\GA.Fretboard.Service\Controllers\GuitarAgentTasksController.cs(16,5): error CS0246: The type or namespace name 'ActorSystemManager' could not be found (are you missing a using directive or an assembly reference?) [C:\Users\spare\source\repos\ga\Apps\ga-server\GA.Fretboard.Service\GA.Fretboard.Service.csproj]
C:\Users\spare\source\repos\ga\Apps\ga-server\GA.Fretboard.Service\Controllers\GuitarAgentTasksController.cs(28,20): error CS0246: The type or namespace name 'SpiceUpProgressionRequest' could not be found (are you missing a using directive or an assembly reference?) [C:\Users\spare\source\repos\ga\Apps\ga-server\GA.Fretboard.Service\GA.Fretboard.Service.csproj]
C:\Users\spare\source\repos\ga\Apps\ga-server\GA.Fretboard.Service\Controllers\GuitarAgentTasksController.cs(61,20): error CS0246: The type or namespace name 'ReharmonizeProgressionRequest' could not be found (are you missing a using directive or an assembly reference?) [C:\Users\spare\source\repos\ga\Apps\ga-server\GA.Fretboard.Service\GA.Fretboard.Service.csproj]
C:\Users\spare\source\repos\ga\Apps\ga-server\GA.Fretboard.Service\Controllers\GuitarAgentTasksController.cs(222,12): error CS0246: The type or namespace name 'GuitarAgentResponse' could not be found (are you missing a using directive or an assembly reference?) [C:\Users\spare\source\repos\ga\Apps\ga-server\GA.Fretboard.Service\GA.Fretboard.Service.csproj]
C:\Users\spare\source\repos\ga\Apps\ga-server\GA.Fretboard.Service\Controllers\ChordProgressionsController.cs(25,5): error CS0246: The type or namespace name 'IShapeGraphBuilder' could not be found (are you missing a using directive or an assembly reference?) [C:\Users\spare\source\repos\ga\Apps\ga-server\GA.Fretboard.Service\GA.Fretboard.Service.csproj]
C:\Users\spare\source\repos\ga\Apps\ga-server\GA.Fretboard.Service\Controllers\ChordProgressionsController.cs(26,5): error CS0246: The type or namespace name 'ProgressionAnalyzer' could not be found (are you missing a using directive or an assembly reference?) [C:\Users\spare\source\repos\ga\Apps\ga-server\GA.Fretboard.Service\GA.Fretboard.Service.csproj]
C:\Users\spare\source\repos\ga\Apps\ga-server\GA.Fretboard.Service\Controllers\ChordProgressionsController.cs(27,5): error CS0246: The type or namespace name 'HarmonicDynamics' could not be found (are you missing a using directive or an assembly reference?) [C:\Users\spare\source\repos\ga\Apps\ga-server\GA.Fretboard.Service\GA.Fretboard.Service.csproj]
C:\Users\spare\source\repos\ga\Apps\ga-server\GA.Fretboard.Service\Controllers\ContextualChordsController.cs(23,5): error CS0246: The type or namespace name 'IContextualChordService' could not be found (are you missing a using directive or an assembly reference?) [C:\Users\spare\source\repos\ga\Apps\ga-server\GA.Fretboard.Service\GA.Fretboard.Service.csproj]
C:\Users\spare\source\repos\ga\Apps\ga-server\GA.Fretboard.Service\Controllers\ContextualChordsController.cs(24,5): error CS0246: The type or namespace name 'IVoicingFilterService' could not be found (are you missing a using directive or an assembly reference?) [C:\Users\spare\source\repos\ga\Apps\ga-server\GA.Fretboard.Service\GA.Fretboard.Service.csproj]
C:\Users\spare\source\repos\ga\Apps\ga-server\GA.Fretboard.Service\Controllers\ContextualChordsController.cs(25,5): error CS0246: The type or namespace name 'IModulationService' could not be found (are you missing a using directive or an assembly reference?) [C:\Users\spare\source\repos\ga\Apps\ga-server\GA.Fretboard.Service\GA.Fretboard.Service.csproj]
C:\Users\spare\source\repos\ga\Apps\ga-server\GA.Fretboard.Service\Controllers\GuitarPlayingController.cs(17,5): error CS0246: The type or namespace name 'HandPoseClient' could not be found (are you missing a using directive or an assembly reference?) [C:\Users\spare\source\repos\ga\Apps\ga-server\GA.Fretboard.Service\GA.Fretboard.Service.csproj]
C:\Users\spare\source\repos\ga\Apps\ga-server\GA.Fretboard.Service\Controllers\GuitarPlayingController.cs(18,5): error CS0246: The type or namespace name 'SoundBankClient' could not be found (are you missing a using directive or an assembly reference?) [C:\Users\spare\source\repos\ga\Apps\ga-server\GA.Fretboard.Service\GA.Fretboard.Service.csproj]
C:\Users\spare\source\repos\ga\Apps\ga-server\GA.Fretboard.Service\Controllers\GuitarAgentTasksController.cs(94,20): error CS0246: The type or namespace name 'CreateProgressionRequest' could not be found (are you missing a using directive or an assembly reference?) [C:\Users\spare\source\repos\ga\Apps\ga-server\GA.Fretboard.Service\GA.Fretboard.Service.csproj]
C:\Users\spare\source\repos\ga\Apps\ga-server\GA.Fretboard.Service\Controllers\GuitarPlayingController.cs(136,20): error CS0246: The type or namespace name 'SoundGenerationRequest' could not be found (are you missing a using directive or an assembly reference?) [C:\Users\spare\source\repos\ga\Apps\ga-server\GA.Fretboard.Service\GA.Fretboard.Service.csproj]
C:\Users\spare\source\repos\ga\Apps\ga-server\GA.Fretboard.Service\Controllers\MonadicChordsController.cs(247,51): error CS0246: The type or namespace name 'ChordError' could not be found (are you missing a using directive or an assembly reference?) [C:\Users\spare\source\repos\ga\Apps\ga-server\GA.Fretboard.Service\GA.Fretboard.Service.csproj]
C:\Users\spare\source\repos\ga\Apps\ga-server\GA.Fretboard.Service\Controllers\MonadicChordsController.cs(17,22): error CS0246: The type or namespace name 'MonadicChordService' could not be found (are you missing a using directive or an assembly reference?) [C:\Users\spare\source\repos\ga\Apps\ga-server\GA.Fretboard.Service\GA.Fretboard.Service.csproj]
C:\Users\spare\source\repos\ga\Apps\ga-server\GA.Fretboard.Service\Controllers\MonadicChordsController.cs(20,9): error CS0246: The type or namespace name 'MonadicChordService' could not be found (are you missing a using directive or an assembly reference?) [C:\Users\spare\source\repos\ga\Apps\ga-server\GA.Fretboard.Service\GA.Fretboard.Service.csproj]
C:\Users\spare\source\repos\ga\Apps\ga-server\GA.Fretboard.Service\Controllers\GuitarPlayingController.cs(61,20): error CS0246: The type or namespace name 'GuitarMappingRequest' could not be found (are you missing a using directive or an assembly reference?) [C:\Users\spare\source\repos\ga\Apps\ga-server\GA.Fretboard.Service\GA.Fretboard.Service.csproj]
C:\Users\spare\source\repos\ga\Apps\ga-server\GA.Fretboard.Service\Controllers\ContextualChordsController.cs(242,21): error CS0246: The type or namespace name 'PlayabilityLevel' could not be found (are you missing a using directive or an assembly reference?) [C:\Users\spare\source\repos\ga\Apps\ga-server\GA.Fretboard.Service\GA.Fretboard.Service.csproj]
C:\Users\spare\source\repos\ga\Apps\ga-server\GA.Fretboard.Service\Controllers\ContextualChordsController.cs(245,21): error CS0246: The type or namespace name 'CagedShape' could not be found (are you missing a using directive or an assembly reference?) [C:\Users\spare\source\repos\ga\Apps\ga-server\GA.Fretboard.Service\GA.Fretboard.Service.csproj]
C:\Users\spare\source\repos\ga\Apps\ga-server\GA.Fretboard.Service\Controllers\GuitarPlayingController.cs(289,20): error CS0246: The type or namespace name 'SearchRequest' could not be found (are you missing a using directive or an assembly reference?) [C:\Users\spare\source\repos\ga\Apps\ga-server\GA.Fretboard.Service\GA.Fretboard.Service.csproj]
C:\Users\spare\source\repos\ga\Apps\ga-server\GA.Fretboard.Service\Controllers\ChordProgressionsController.cs(548,51): error CS0246: The type or namespace name 'DynamicalSystemInfo' could not be found (are you missing a using directive or an assembly reference?) [C:\Users\spare\source\repos\ga\Apps\ga-server\GA.Fretboard.Service\GA.Fretboard.Service.csproj]
C:\Users\spare\source\repos\ga\Apps\ga-server\GA.Fretboard.Service\Controllers\ContextualChordsController.cs(43,58): error CS0246: The type or namespace name 'ChordInContextDto' could not be found (are you missing a using directive or an assembly reference?) [C:\Users\spare\source\repos\ga\Apps\ga-server\GA.Fretboard.Service\GA.Fretboard.Service.csproj]
C:\Users\spare\source\repos\ga\Apps\ga-server\GA.Fretboard.Service\Controllers\GuitarPlayingController.cs(26,34): error CS0246: The type or namespace name 'HandPoseResponse' could not be found (are you missing a using directive or an assembly reference?) [C:\Users\spare\source\repos\ga\Apps\ga-server\GA.Fretboard.Service\GA.Fretboard.Service.csproj]
C:\Users\spare\source\repos\ga\Apps\ga-server\GA.Fretboard.Service\Controllers\GuitarPlayingController.cs(57,34): error CS0246: The type or namespace name 'GuitarMappingResponse' could not be found (are you missing a using directive or an assembly reference?) [C:\Users\spare\source\repos\ga\Apps\ga-server\GA.Fretboard.Service\GA.Fretboard.Service.csproj]
C:\Users\spare\source\repos\ga\Apps\ga-server\GA.Fretboard.Service\Controllers\GuitarPlayingController.cs(132,34): error CS0246: The type or namespace name 'JobResponse' could not be found (are you missing a using directive or an assembly reference?) [C:\Users\spare\source\repos\ga\Apps\ga-server\GA.Fretboard.Service\GA.Fretboard.Service.csproj]
C:\Users\spare\source\repos\ga\Apps\ga-server\GA.Fretboard.Service\Controllers\ContextualChordsController.cs(112,58): error CS0246: The type or namespace name 'ChordInContextDto' could not be found (are you missing a using directive or an assembly reference?) [C:\Users\spare\source\repos\ga\Apps\ga-server\GA.Fretboard.Service\GA.Fretboard.Service.csproj]
C:\Users\spare\source\repos\ga\Apps\ga-server\GA.Fretboard.Service\Controllers\GuitarPlayingController.cs(159,34): error CS0246: The type or namespace name 'JobStatusResponse' could not be found (are you missing a using directive or an assembly reference?) [C:\Users\spare\source\repos\ga\Apps\ga-server\GA.Fretboard.Service\GA.Fretboard.Service.csproj]
C:\Users\spare\source\repos\ga\Apps\ga-server\GA.Fretboard.Service\Controllers\MonadicChordsController.cs(203,34): error CS0246: The type or namespace name 'ChordStatistics' could not be found (are you missing a using directive or an assembly reference?) [C:\Users\spare\source\repos\ga\Apps\ga-server\GA.Fretboard.Service\GA.Fretboard.Service.csproj]
C:\Users\spare\source\repos\ga\Apps\ga-server\GA.Fretboard.Service\Controllers\ContextualChordsController.cs(171,58): error CS0246: The type or namespace name 'ChordInContextDto' could not be found (are you missing a using directive or an assembly reference?) [C:\Users\spare\source\repos\ga\Apps\ga-server\GA.Fretboard.Service\GA.Fretboard.Service.csproj]
C:\Users\spare\source\repos\ga\Apps\ga-server\GA.Fretboard.Service\Controllers\GuitarPlayingController.cs(286,34): error CS0246: The type or namespace name 'SearchResponse' could not be found (are you missing a using directive or an assembly reference?) [C:\Users\spare\source\repos\ga\Apps\ga-server\GA.Fretboard.Service\GA.Fretboard.Service.csproj]
C:\Users\spare\source\repos\ga\Apps\ga-server\GA.Fretboard.Service\Controllers\ContextualChordsController.cs(237,58): error CS0246: The type or namespace name 'VoicingWithAnalysisDto' could not be found (are you missing a using directive or an assembly reference?) [C:\Users\spare\source\repos\ga\Apps\ga-server\GA.Fretboard.Service\GA.Fretboard.Service.csproj]
C:\Users\spare\source\repos\ga\Apps\ga-server\GA.Fretboard.Service\Controllers\ContextualChordsController.cs(380,34): error CS0246: The type or namespace name 'ModulationSuggestionDto' could not be found (are you missing a using directive or an assembly reference?) [C:\Users\spare\source\repos\ga\Apps\ga-server\GA.Fretboard.Service\GA.Fretboard.Service.csproj]
C:\Users\spare\source\repos\ga\Apps\ga-server\GA.Fretboard.Service\Controllers\ContextualChordsController.cs(422,46): error CS0246: The type or namespace name 'ModulationSuggestionDto' could not be found (are you missing a using directive or an assembly reference?) [C:\Users\spare\source\repos\ga\Apps\ga-server\GA.Fretboard.Service\GA.Fretboard.Service.csproj]
    The package GuitarAlchemist.GA.Interactive.LocalNuGet.2025.11.10.1223 is missing a readme. Go to https://aka.ms/nuget/authoring-best-practices/readme to learn why package readmes are important.
    Successfully created package 'C:\Users\spare\source\repos\ga\nuget\GuitarAlchemist.GA.Interactive.LocalNuGet.2025.11.10.1223.nupkg'.
    Successfully created package 'C:\Users\spare\source\repos\ga\nuget\GuitarAlchemist.GA.Interactive.LocalNuGet.2025.11.10.1223.snupkg'.
  GaDataCLI -> C:\Users\spare\source\repos\ga\Apps\GaDataCLI\bin\Debug\net10.0\GaDataCLI.dll
  GA.Business.Microservices -> C:\Users\spare\source\repos\ga\Common\GA.Business.Microservices\bin\Debug\net10.0\GA.Business.Microservices.dll
  GA.BSP.Core -> C:\Users\spare\source\repos\ga\Common\GA.BSP.Core\bin\Debug\net10.0\GA.BSP.Core.dll
  GA.Business.Analytics -> C:\Users\spare\source\repos\ga\Common\GA.Business.Analytics\bin\Debug\net10.0\GA.Business.Analytics.dll
  GA.Data.MongoDB -> C:\Users\spare\source\repos\ga\GA.Data.MongoDB\bin\Debug\net10.0\GA.Data.MongoDB.dll
  GA.Interactive -> C:\Users\spare\source\repos\ga\Common\GA.Interactive\bin\Debug\net10.0\GA.Interactive.dll
  GA.Business.Core.TypeProviders -> C:\Users\spare\source\repos\ga\Common\GA.Business.Core.Generated\bin\Debug\net10.0\GA.Business.Core.TypeProviders.dll
  GA.Business.Querying -> C:\Users\spare\source\repos\ga\Common\GA.Business.Querying\bin\Debug\net10.0\GA.Business.Querying.dll
  PsychoacousticVoicingDemo -> C:\Users\spare\source\repos\ga\Apps\PsychoacousticVoicingDemo\bin\Debug\net10.0\PsychoacousticVoicingDemo.dll
  UseGaNugetPackageExample -> C:\Users\spare\source\repos\ga\Experiments\UseGaNugetPackageExample\bin\Debug\net10.0\UseGaNugetPackageExample.dll
C:\Program Files\dotnet\sdk\10.0.100-rc.2.25502.107\Microsoft.Common.CurrentVersion.targets(2189,5): warning MSB9008: The referenced project ..\..\Common\GA.Business.Fretboard\GA.Business.Fretboard.csproj does not exist. [C:\Users\spare\source\repos\ga\Apps\AdvancedFretboardAnalysisDemo\AdvancedFretboardAnalysisDemo.csproj]
  ChordNamingDemo -> C:\Users\spare\source\repos\ga\Apps\ChordNamingDemo\bin\Debug\net10.0\ChordNamingDemo.dll
  FretboardChordTest -> C:\Users\spare\source\repos\ga\Apps\FretboardChordTest\bin\Debug\net10.0\FretboardChordTest.dll
  GA.InteractiveExtension -> C:\Users\spare\source\repos\ga\Common\GA.InteractiveExtension\bin\Debug\net10.0\GA.InteractiveExtension.dll
  BSPIntegrationTests -> C:\Users\spare\source\repos\ga\Tests\BSPIntegrationTests\bin\Debug\net10.0\BSPIntegrationTests.dll
  GA.TabConversion.Api -> C:\Users\spare\source\repos\ga\Apps\GA.TabConversion.Api\bin\Debug\net10.0\GA.TabConversion.Api.dll
  FloorManager -> C:\Users\spare\source\repos\ga\Apps\FloorManager\bin\Debug\net10.0\FloorManager.dll
  AdvancedFretboardAnalysisDemo -> C:\Users\spare\source\repos\ga\Apps\AdvancedFretboardAnalysisDemo\bin\Debug\net10.0\AdvancedFretboardAnalysisDemo.dll
  GaMcpServer -> C:\Users\spare\source\repos\ga\GaMcpServer\bin\Debug\net10.0\GaMcpServer.dll
  GA.Business.UI -> C:\Users\spare\source\repos\ga\Common\GA.Business.UI\bin\Debug\net10.0\GA.Business.UI.dll
  GA.InteractiveExtension.Tests -> C:\Users\spare\source\repos\ga\Tests\Common\GA.InteractiveExtension\bin\Debug\net10.0\GA.InteractiveExtension.Tests.dll
  HighPerformanceDemo -> C:\Users\spare\source\repos\ga\Apps\HighPerformanceDemo\bin\Debug\net10.0\HighPerformanceDemo.dll
  GA.TabConversion.Api.Tests -> C:\Users\spare\source\repos\ga\Tests\Apps\GA.TabConversion.Api.Tests\bin\Debug\net10.0\GA.TabConversion.Api.Tests.dll
  GA.Business.AI -> C:\Users\spare\source\repos\ga\Common\GA.Business.AI\bin\Debug\net10.0\GA.Business.AI.dll
C:\Program Files\dotnet\sdk\10.0.100-rc.2.25502.107\Microsoft.Common.CurrentVersion.targets(2189,5): warning MSB9008: The referenced project ..\GA.Business.Harmony\GA.Business.Harmony.csproj does not exist. [C:\Users\spare\source\repos\ga\Common\GA.Business.Intelligence\GA.Business.Intelligence.csproj]
  GA.Business.Intelligence -> C:\Users\spare\source\repos\ga\Common\GA.Business.Intelligence\bin\Debug\net10.0\GA.Business.Intelligence.dll
C:\Users\spare\source\repos\ga\Common\GA.Business.Core.Analysis.Gpu\GA.Business.Core.Analysis.Gpu.csproj : warning NU1903: Package 'Newtonsoft.Json' 9.0.1 has a known high severity vulnerability, https://github.com/advisories/GHSA-5crp-9r3c-p9vr
  GA.Business.Core.Analysis.Gpu -> C:\Users\spare\source\repos\ga\Common\GA.Business.Core.Analysis.Gpu\bin\Debug\net10.0\GA.Business.Core.Analysis.Gpu.dll
  ComprehensiveMusicTheoryDemo -> C:\Users\spare\source\repos\ga\Apps\ComprehensiveMusicTheoryDemo\bin\Debug\net10.0\ComprehensiveMusicTheoryDemo.dll
  GA.WebBlazorApp -> C:\Users\spare\source\repos\ga\GA.WebBlazorApp\bin\Debug\net10.0\GA.WebBlazorApp.dll
C:\Users\spare\source\repos\ga\Apps\ga-server\GA.AI.Service\Controllers\AdaptiveAIController.cs(4,7): error CS0246: The type or namespace name 'Actors' could not be found (are you missing a using directive or an assembly reference?) [C:\Users\spare\source\repos\ga\Apps\ga-server\GA.AI.Service\GA.AI.Service.csproj]
C:\Users\spare\source\repos\ga\Apps\ga-server\GA.AI.Service\Controllers\AdaptiveAIController.cs(11,7): warning CS0105: The using directive for 'Microsoft.AspNetCore.Mvc' appeared previously in this namespace [C:\Users\spare\source\repos\ga\Apps\ga-server\GA.AI.Service\GA.AI.Service.csproj]
C:\Users\spare\source\repos\ga\Apps\ga-server\GA.AI.Service\Controllers\EnhancedPersonalizationController.cs(7,7): warning CS0105: The using directive for 'Microsoft.AspNetCore.RateLimiting' appeared previously in this namespace [C:\Users\spare\source\repos\ga\Apps\ga-server\GA.AI.Service\GA.AI.Service.csproj]
C:\Users\spare\source\repos\ga\Apps\ga-server\GA.AI.Service\Controllers\EnhancedPersonalizationController.cs(8,7): warning CS0105: The using directive for 'Microsoft.AspNetCore.Mvc' appeared previously in this namespace [C:\Users\spare\source\repos\ga\Apps\ga-server\GA.AI.Service\GA.AI.Service.csproj]
C:\Users\spare\source\repos\ga\Apps\ga-server\GA.AI.Service\Services\MongoDbService.cs(208,23): error CS0246: The type or namespace name 'ChordStatistics' could not be found (are you missing a using directive or an assembly reference?) [C:\Users\spare\source\repos\ga\Apps\ga-server\GA.AI.Service\GA.AI.Service.csproj]
C:\Users\spare\source\repos\ga\Apps\ga-server\GA.AI.Service\Controllers\AdaptiveAIController.cs(22,5): error CS0246: The type or namespace name 'IShapeGraphBuilder' could not be found (are you missing a using directive or an assembly reference?) [C:\Users\spare\source\repos\ga\Apps\ga-server\GA.AI.Service\GA.AI.Service.csproj]
C:\Users\spare\source\repos\ga\Apps\ga-server\GA.AI.Service\Controllers\AdaptiveAIController.cs(23,5): error CS0246: The type or namespace name 'ActorSystemManager' could not be found (are you missing a using directive or an assembly reference?) [C:\Users\spare\source\repos\ga\Apps\ga-server\GA.AI.Service\GA.AI.Service.csproj]
C:\Users\spare\source\repos\ga\Apps\ga-server\GA.AI.Service\Controllers\AdvancedAIController.cs(18,5): error CS0246: The type or namespace name 'IShapeGraphBuilder' could not be found (are you missing a using directive or an assembly reference?) [C:\Users\spare\source\repos\ga\Apps\ga-server\GA.AI.Service\GA.AI.Service.csproj]
C:\Users\spare\source\repos\ga\Apps\ga-server\GA.AI.Service\Controllers\SemanticSearchController.cs(16,5): error CS0246: The type or namespace name 'SemanticSearchService' could not be found (are you missing a using directive or an assembly reference?) [C:\Users\spare\source\repos\ga\Apps\ga-server\GA.AI.Service\GA.AI.Service.csproj]
C:\Users\spare\source\repos\ga\Apps\ga-server\GA.AI.Service\Controllers\VectorSearchStrategyController.cs(11,5): error CS0246: The type or namespace name 'EnhancedVectorSearchService' could not be found (are you missing a using directive or an assembly reference?) [C:\Users\spare\source\repos\ga\Apps\ga-server\GA.AI.Service\GA.AI.Service.csproj]
C:\Users\spare\source\repos\ga\Apps\ga-server\GA.AI.Service\Controllers\AdvancedAIController.cs(272,13): error CS0246: The type or namespace name 'StyleLearningSystem' could not be found (are you missing a using directive or an assembly reference?) [C:\Users\spare\source\repos\ga\Apps\ga-server\GA.AI.Service\GA.AI.Service.csproj]
C:\Users\spare\source\repos\ga\Apps\ga-server\GA.AI.Service\Controllers\VectorSearchController.cs(11,5): error CS0246: The type or namespace name 'VectorSearchService' could not be found (are you missing a using directive or an assembly reference?) [C:\Users\spare\source\repos\ga\Apps\ga-server\GA.AI.Service\GA.AI.Service.csproj]
C:\Users\spare\source\repos\ga\Apps\ga-server\GA.AI.Service\Controllers\VectorSearchController.cs(12,5): error CS0246: The type or namespace name 'ICachingService' could not be found (are you missing a using directive or an assembly reference?) [C:\Users\spare\source\repos\ga\Apps\ga-server\GA.AI.Service\GA.AI.Service.csproj]
C:\Users\spare\source\repos\ga\Apps\ga-server\GA.AI.Service\Controllers\AdvancedAIController.cs(283,13): error CS0246: The type or namespace name 'PatternRecognitionSystem' could not be found (are you missing a using directive or an assembly reference?) [C:\Users\spare\source\repos\ga\Apps\ga-server\GA.AI.Service\GA.AI.Service.csproj]
C:\Users\spare\source\repos\ga\Apps\ga-server\GA.AI.Service\Controllers\EnhancedPersonalizationController.cs(18,5): error CS0246: The type or namespace name 'EnhancedUserPersonalizationService' could not be found (are you missing a using directive or an assembly reference?) [C:\Users\spare\source\repos\ga\Apps\ga-server\GA.AI.Service\GA.AI.Service.csproj]
C:\Users\spare\source\repos\ga\Apps\ga-server\GA.AI.Service\Controllers\VectorSearchStrategyController.cs(19,25): error CS0246: The type or namespace name 'VectorSearchStrategyInfo' could not be found (are you missing a using directive or an assembly reference?) [C:\Users\spare\source\repos\ga\Apps\ga-server\GA.AI.Service\GA.AI.Service.csproj]
C:\Users\spare\source\repos\ga\Apps\ga-server\GA.AI.Service\Controllers\VectorSearchController.cs(25,41): error CS0246: The type or namespace name 'ChordSearchResult' could not be found (are you missing a using directive or an assembly reference?) [C:\Users\spare\source\repos\ga\Apps\ga-server\GA.AI.Service\GA.AI.Service.csproj]
C:\Users\spare\source\repos\ga\Apps\ga-server\GA.AI.Service\Controllers\VectorSearchStrategyController.cs(37,44): error CS0246: The type or namespace name 'VectorSearchPerformance' could not be found (are you missing a using directive or an assembly reference?) [C:\Users\spare\source\repos\ga\Apps\ga-server\GA.AI.Service\GA.AI.Service.csproj]
C:\Users\spare\source\repos\ga\Apps\ga-server\GA.AI.Service\Controllers\VectorSearchController.cs(68,41): error CS0246: The type or namespace name 'ChordSearchResult' could not be found (are you missing a using directive or an assembly reference?) [C:\Users\spare\source\repos\ga\Apps\ga-server\GA.AI.Service\GA.AI.Service.csproj]
C:\Users\spare\source\repos\ga\Apps\ga-server\GA.AI.Service\Controllers\AdvancedAIController.cs(294,56): error CS0246: The type or namespace name 'PlayerStyleProfile' could not be found (are you missing a using directive or an assembly reference?) [C:\Users\spare\source\repos\ga\Apps\ga-server\GA.AI.Service\GA.AI.Service.csproj]
C:\Users\spare\source\repos\ga\Apps\ga-server\GA.AI.Service\Controllers\VectorSearchStrategyController.cs(97,44): error CS0246: The type or namespace name 'VectorSearchStats' could not be found (are you missing a using directive or an assembly reference?) [C:\Users\spare\source\repos\ga\Apps\ga-server\GA.AI.Service\GA.AI.Service.csproj]
C:\Users\spare\source\repos\ga\Apps\ga-server\GA.AI.Service\Controllers\AdvancedAIController.cs(24,48): error CS0246: The type or namespace name 'StyleLearningSystem' could not be found (are you missing a using directive or an assembly reference?) [C:\Users\spare\source\repos\ga\Apps\ga-server\GA.AI.Service\GA.AI.Service.csproj]
C:\Users\spare\source\repos\ga\Apps\ga-server\GA.AI.Service\Controllers\AdvancedAIController.cs(25,48): error CS0246: The type or namespace name 'PatternRecognitionSystem' could not be found (are you missing a using directive or an assembly reference?) [C:\Users\spare\source\repos\ga\Apps\ga-server\GA.AI.Service\GA.AI.Service.csproj]
C:\Users\spare\source\repos\ga\Apps\ga-server\GA.AI.Service\Controllers\VectorSearchController.cs(107,41): error CS0246: The type or namespace name 'ChordSearchResult' could not be found (are you missing a using directive or an assembly reference?) [C:\Users\spare\source\repos\ga\Apps\ga-server\GA.AI.Service\GA.AI.Service.csproj]
C:\Users\spare\source\repos\ga\Apps\ga-server\GA.AI.Service\Controllers\EnhancedPersonalizationController.cs(33,20): error CS0246: The type or namespace name 'AdaptiveLearningRequest' could not be found (are you missing a using directive or an assembly reference?) [C:\Users\spare\source\repos\ga\Apps\ga-server\GA.AI.Service\GA.AI.Service.csproj]
C:\Users\spare\source\repos\ga\Apps\ga-server\GA.AI.Service\Controllers\EnhancedPersonalizationController.cs(31,36): error CS0246: The type or namespace name 'AdaptiveLearningPath' could not be found (are you missing a using directive or an assembly reference?) [C:\Users\spare\source\repos\ga\Apps\ga-server\GA.AI.Service\GA.AI.Service.csproj]
C:\Users\spare\source\repos\ga\Apps\ga-server\GA.AI.Service\Controllers\EnhancedPersonalizationController.cs(70,20): error CS0246: The type or namespace name 'PerformanceData' could not be found (are you missing a using directive or an assembly reference?) [C:\Users\spare\source\repos\ga\Apps\ga-server\GA.AI.Service\GA.AI.Service.csproj]
C:\Users\spare\source\repos\ga\Apps\ga-server\GA.AI.Service\Controllers\EnhancedPersonalizationController.cs(67,36): error CS0246: The type or namespace name 'AdaptationResult' could not be found (are you missing a using directive or an assembly reference?) [C:\Users\spare\source\repos\ga\Apps\ga-server\GA.AI.Service\GA.AI.Service.csproj]
C:\Users\spare\source\repos\ga\Apps\ga-server\GA.AI.Service\Controllers\EnhancedPersonalizationController.cs(105,20): error CS0246: The type or namespace name 'PracticeSessionRequest' could not be found (are you missing a using directive or an assembly reference?) [C:\Users\spare\source\repos\ga\Apps\ga-server\GA.AI.Service\GA.AI.Service.csproj]
C:\Users\spare\source\repos\ga\Apps\ga-server\GA.AI.Service\Controllers\EnhancedPersonalizationController.cs(103,36): error CS0246: The type or namespace name 'IntelligentPracticeSession' could not be found (are you missing a using directive or an assembly reference?) [C:\Users\spare\source\repos\ga\Apps\ga-server\GA.AI.Service\GA.AI.Service.csproj]
C:\Users\spare\source\repos\ga\Apps\ga-server\GA.AI.Service\Controllers\EnhancedPersonalizationController.cs(143,36): error CS0246: The type or namespace name 'LearningAssistance' could not be found (are you missing a using directive or an assembly reference?) [C:\Users\spare\source\repos\ga\Apps\ga-server\GA.AI.Service\GA.AI.Service.csproj]
C:\Users\spare\source\repos\ga\Apps\ga-server\GA.AI.Service\Controllers\EnhancedPersonalizationController.cs(181,36): error CS0246: The type or namespace name 'EngagementAnalysis' could not be found (are you missing a using directive or an assembly reference?) [C:\Users\spare\source\repos\ga\Apps\ga-server\GA.AI.Service\GA.AI.Service.csproj]
C:\Users\spare\source\repos\ga\Apps\ga-server\GA.AI.Service\Controllers\EnhancedPersonalizationController.cs(220,36): error CS0246: The type or namespace name 'PersonalizedAchievementSystem' could not be found (are you missing a using directive or an assembly reference?) [C:\Users\spare\source\repos\ga\Apps\ga-server\GA.AI.Service\GA.AI.Service.csproj]
C:\Users\spare\source\repos\ga\Apps\ga-server\GA.AI.Service\Controllers\EnhancedPersonalizationController.cs(253,41): error CS0246: The type or namespace name 'AdaptedRecommendation' could not be found (are you missing a using directive or an assembly reference?) [C:\Users\spare\source\repos\ga\Apps\ga-server\GA.AI.Service\GA.AI.Service.csproj]
C:\Users\spare\source\repos\ga\Apps\ga-server\GA.AI.Service\Controllers\EnhancedPersonalizationController.cs(28,34): error CS0246: The type or namespace name 'AdaptiveLearningPath' could not be found (are you missing a using directive or an assembly reference?) [C:\Users\spare\source\repos\ga\Apps\ga-server\GA.AI.Service\GA.AI.Service.csproj]
C:\Users\spare\source\repos\ga\Apps\ga-server\GA.AI.Service\Controllers\EnhancedPersonalizationController.cs(64,34): error CS0246: The type or namespace name 'AdaptationResult' could not be found (are you missing a using directive or an assembly reference?) [C:\Users\spare\source\repos\ga\Apps\ga-server\GA.AI.Service\GA.AI.Service.csproj]
C:\Users\spare\source\repos\ga\Apps\ga-server\GA.AI.Service\Controllers\EnhancedPersonalizationController.cs(100,34): error CS0246: The type or namespace name 'IntelligentPracticeSession' could not be found (are you missing a using directive or an assembly reference?) [C:\Users\spare\source\repos\ga\Apps\ga-server\GA.AI.Service\GA.AI.Service.csproj]
C:\Users\spare\source\repos\ga\Apps\ga-server\GA.AI.Service\Controllers\EnhancedPersonalizationController.cs(141,34): error CS0246: The type or namespace name 'LearningAssistance' could not be found (are you missing a using directive or an assembly reference?) [C:\Users\spare\source\repos\ga\Apps\ga-server\GA.AI.Service\GA.AI.Service.csproj]
C:\Users\spare\source\repos\ga\Apps\ga-server\GA.AI.Service\Controllers\EnhancedPersonalizationController.cs(178,34): error CS0246: The type or namespace name 'EngagementAnalysis' could not be found (are you missing a using directive or an assembly reference?) [C:\Users\spare\source\repos\ga\Apps\ga-server\GA.AI.Service\GA.AI.Service.csproj]
C:\Users\spare\source\repos\ga\Apps\ga-server\GA.AI.Service\Controllers\EnhancedPersonalizationController.cs(217,34): error CS0246: The type or namespace name 'PersonalizedAchievementSystem' could not be found (are you missing a using directive or an assembly reference?) [C:\Users\spare\source\repos\ga\Apps\ga-server\GA.AI.Service\GA.AI.Service.csproj]
C:\Users\spare\source\repos\ga\Apps\ga-server\GA.AI.Service\Controllers\EnhancedPersonalizationController.cs(250,39): error CS0246: The type or namespace name 'AdaptedRecommendation' could not be found (are you missing a using directive or an assembly reference?) [C:\Users\spare\source\repos\ga\Apps\ga-server\GA.AI.Service\GA.AI.Service.csproj]
  GaCLI -> C:\Users\spare\source\repos\ga\GaCLI\bin\Debug\net10.0\GaCLI.dll
  InteractiveTutorial -> C:\Users\spare\source\repos\ga\Apps\InteractiveTutorial\bin\Debug\net10.0\InteractiveTutorial.dll
  AIIntegrationDemo -> C:\Users\spare\source\repos\ga\Apps\AIIntegrationDemo\bin\Debug\net10.0\AIIntegrationDemo.dll
  GA.Business.Core.Tests -> C:\Users\spare\source\repos\ga\Tests\Common\GA.Business.Core.Tests\bin\Debug\net10.0\GA.Business.Core.Tests.dll
  GaApi -> C:\Users\spare\source\repos\ga\Apps\ga-server\GaApi\bin\Debug\net10.0\GaApi.dll
  GuitarAlchemistChatbot -> C:\Users\spare\source\repos\ga\Apps\GuitarAlchemistChatbot\bin\Debug\net10.0\GuitarAlchemistChatbot.dll
  VectorSearchBenchmark -> C:\Users\spare\source\repos\ga\Apps\VectorSearchBenchmark\bin\Debug\net10.0\VectorSearchBenchmark.dll
  AllProjects.AppHost -> C:\Users\spare\source\repos\ga\AllProjects.AppHost\bin\Debug\net10.0\AllProjects.AppHost.dll
  GuitarAlchemistChatbot.Tests -> C:\Users\spare\source\repos\ga\Tests\Apps\GuitarAlchemistChatbot.Tests\bin\Debug\net10.0\GuitarAlchemistChatbot.Tests.dll
  GaApi.Tests -> C:\Users\spare\source\repos\ga\Tests\Apps\GaApi.Tests\bin\Debug\net10.0\GaApi.Tests.dll

Build FAILED.

C:\Users\spare\source\repos\ga\Apps\GpuBenchmark\GpuBenchmark.csproj : warning NU1903: Package 'Newtonsoft.Json' 9.0.1 has a known high severity vulnerability, https://github.com/advisories/GHSA-5crp-9r3c-p9vr
C:\Users\spare\source\repos\ga\Apps\GaDataCLI\GaDataCLI.csproj : warning NU1903: Package 'Newtonsoft.Json' 9.0.1 has a known high severity vulnerability, https://github.com/advisories/GHSA-5crp-9r3c-p9vr
C:\Users\spare\source\repos\ga\Apps\ga-server\GA.AI.Service\GA.AI.Service.csproj : warning NU1902: Package 'OpenTelemetry.Api' 1.10.0 has a known moderate severity vulnerability, https://github.com/advisories/GHSA-8785-wc3w-h8q6
C:\Users\spare\source\repos\ga\Apps\GuitarAlchemistChatbot\GuitarAlchemistChatbot.csproj : warning NU1510: PackageReference Microsoft.Extensions.Logging.Abstractions will not be pruned. Consider removing this package from your dependencies, as it is likely unnecessary.
C:\Users\spare\source\repos\ga\Apps\GuitarAlchemistChatbot\GuitarAlchemistChatbot.csproj : warning NU1902: Package 'OpenTelemetry.Api' 1.10.0 has a known moderate severity vulnerability, https://github.com/advisories/GHSA-8785-wc3w-h8q6
C:\Users\spare\source\repos\ga\Apps\VectorSearchBenchmark\VectorSearchBenchmark.csproj : warning NU1902: Package 'OpenTelemetry.Api' 1.10.0 has a known moderate severity vulnerability, https://github.com/advisories/GHSA-8785-wc3w-h8q6
C:\Users\spare\source\repos\ga\Apps\FloorManager\FloorManager.csproj : warning NU1902: Package 'OpenTelemetry.Api' 1.10.0 has a known moderate severity vulnerability, https://github.com/advisories/GHSA-8785-wc3w-h8q6
C:\Users\spare\source\repos\ga\Apps\FretboardChordTest\FretboardChordTest.csproj : warning NU1903: Package 'Newtonsoft.Json' 9.0.1 has a known high severity vulnerability, https://github.com/advisories/GHSA-5crp-9r3c-p9vr
C:\Users\spare\source\repos\ga\Apps\ga-server\GA.Fretboard.Service\GA.Fretboard.Service.csproj : warning NU1902: Package 'OpenTelemetry.Api' 1.10.0 has a known moderate severity vulnerability, https://github.com/advisories/GHSA-8785-wc3w-h8q6
C:\Users\spare\source\repos\ga\Apps\ga-server\GaApi\GaApi.csproj : warning NU1510: PackageReference Microsoft.AspNetCore.Components.Web will not be pruned. Consider removing this package from your dependencies, as it is likely unnecessary.
C:\Users\spare\source\repos\ga\Apps\ga-server\GaApi\GaApi.csproj : warning NU1902: Package 'OpenTelemetry.Api' 1.10.0 has a known moderate severity vulnerability, https://github.com/advisories/GHSA-8785-wc3w-h8q6
C:\Users\spare\source\repos\ga\GaMcpServer\GaMcpServer.csproj : warning NU1903: Package 'Newtonsoft.Json' 9.0.1 has a known high severity vulnerability, https://github.com/advisories/GHSA-5crp-9r3c-p9vr
C:\Users\spare\source\repos\ga\GaMcpServer\GaMcpServer.csproj : warning NU1902: Package 'OpenTelemetry.Api' 1.10.0 has a known moderate severity vulnerability, https://github.com/advisories/GHSA-8785-wc3w-h8q6
C:\Users\spare\source\repos\ga\Common\GA.Business.Core\GA.Business.Core.csproj : warning NU1903: Package 'Newtonsoft.Json' 9.0.1 has a known high severity vulnerability, https://github.com/advisories/GHSA-5crp-9r3c-p9vr
C:\Users\spare\source\repos\ga\AllProjects.AppHost\AllProjects.AppHost.csproj : warning NU1902: Package 'OpenTelemetry.Api' 1.10.0 has a known moderate severity vulnerability, https://github.com/advisories/GHSA-8785-wc3w-h8q6
C:\Users\spare\source\repos\ga\AllProjects.ServiceDefaults\AllProjects.ServiceDefaults.csproj : warning NU1902: Package 'OpenTelemetry.Api' 1.10.0 has a known moderate severity vulnerability, https://github.com/advisories/GHSA-8785-wc3w-h8q6
C:\Users\spare\source\repos\ga\Common\GA.Business.Microservices\GA.Business.Microservices.csproj : warning NU1903: Package 'Newtonsoft.Json' 9.0.1 has a known high severity vulnerability, https://github.com/advisories/GHSA-5crp-9r3c-p9vr
C:\Users\spare\source\repos\ga\Common\GA.Business.Core.Generated\GA.Business.Core.TypeProviders.fsproj : warning NU1903: Package 'Microsoft.Build.Tasks.Core' 17.0.0 has a known high severity vulnerability, https://github.com/advisories/GHSA-h4j7-5rxr-p4wc
C:\Users\spare\source\repos\ga\Common\GA.Business.Core.Generated\GA.Business.Core.TypeProviders.fsproj : warning NU1903: Package 'Newtonsoft.Json' 9.0.1 has a known high severity vulnerability, https://github.com/advisories/GHSA-5crp-9r3c-p9vr
C:\Users\spare\source\repos\ga\Common\GA.Business.Core.Generated\GA.Business.Core.TypeProviders.fsproj : warning NU1904: Package 'System.Drawing.Common' 4.7.0 has a known critical severity vulnerability, https://github.com/advisories/GHSA-rxg9-xrhp-64gj
C:\Users\spare\source\repos\ga\Common\GA.Business.Core.Generated\GA.Business.Core.TypeProviders.fsproj : warning NU1902: Package 'System.Security.Cryptography.Xml' 4.7.0 has a known moderate severity vulnerability, https://github.com/advisories/GHSA-vh55-786g-wjwj
C:\Users\spare\source\repos\ga\Common\GA.Business.Querying\GA.Business.Querying.fsproj : warning NU1504: Duplicate 'PackageReference' items found. Remove the duplicate items or use the Update functionality to ensure a consistent restore behavior. The duplicate 'PackageReference' items are: FSharp.Core 10.0.100-rc2.25502.107, FSharp.Core 10.0.100-rc2.25502.107.
C:\Users\spare\source\repos\ga\Common\GA.Business.UI\GA.Business.UI.csproj : warning NU1903: Package 'Newtonsoft.Json' 9.0.1 has a known high severity vulnerability, https://github.com/advisories/GHSA-5crp-9r3c-p9vr
C:\Users\spare\source\repos\ga\Common\GA.InteractiveExtension\GA.InteractiveExtension.csproj : warning NU1903: Package 'Newtonsoft.Json' 9.0.1 has a known high severity vulnerability, https://github.com/advisories/GHSA-5crp-9r3c-p9vr
C:\Users\spare\source\repos\ga\Common\GA.Business.Querying\GA.Business.Querying.fsproj : warning NU1903: Package 'Newtonsoft.Json' 9.0.1 has a known high severity vulnerability, https://github.com/advisories/GHSA-5crp-9r3c-p9vr
C:\Users\spare\source\repos\ga\Apps\ChordNamingDemo\ChordNamingDemo.csproj : warning NU1903: Package 'Newtonsoft.Json' 9.0.1 has a known high severity vulnerability, https://github.com/advisories/GHSA-5crp-9r3c-p9vr
C:\Users\spare\source\repos\ga\Apps\MusicalAnalysisApp\MusicalAnalysisApp.csproj : warning NU1510: PackageReference System.Threading.Channels will not be pruned. Consider removing this package from your dependencies, as it is likely unnecessary.
C:\Users\spare\source\repos\ga\Apps\MusicalAnalysisApp\MusicalAnalysisApp.csproj : warning NU1510: PackageReference System.Threading.Tasks.Dataflow will not be pruned. Consider removing this package from your dependencies, as it is likely unnecessary.
C:\Users\spare\source\repos\ga\Common\GA.BSP.Core\GA.BSP.Core.csproj : warning NU1903: Package 'Newtonsoft.Json' 9.0.1 has a known high severity vulnerability, https://github.com/advisories/GHSA-5crp-9r3c-p9vr
C:\Users\spare\source\repos\ga\Apps\PsychoacousticVoicingDemo\PsychoacousticVoicingDemo.csproj : warning NU1903: Package 'Newtonsoft.Json' 9.0.1 has a known high severity vulnerability, https://github.com/advisories/GHSA-5crp-9r3c-p9vr
C:\Users\spare\source\repos\ga\Apps\PerformanceOptimizationDemo\PerformanceOptimizationDemo.csproj : warning NU1510: PackageReference System.Threading.Channels will not be pruned. Consider removing this package from your dependencies, as it is likely unnecessary.
C:\Users\spare\source\repos\ga\Apps\PerformanceOptimizationDemo\PerformanceOptimizationDemo.csproj : warning NU1510: PackageReference System.Threading.Tasks.Dataflow will not be pruned. Consider removing this package from your dependencies, as it is likely unnecessary.
C:\Users\spare\source\repos\ga\Experiments\UseGaNugetPackageExample\UseGaNugetPackageExample.csproj : warning NU1903: Package 'Newtonsoft.Json' 9.0.1 has a known high severity vulnerability, https://github.com/advisories/GHSA-5crp-9r3c-p9vr
C:\Users\spare\source\repos\ga\Tests\Apps\GaApi.Tests\GaApi.Tests.csproj : warning NU1902: Package 'OpenTelemetry.Api' 1.10.0 has a known moderate severity vulnerability, https://github.com/advisories/GHSA-8785-wc3w-h8q6
C:\Users\spare\source\repos\ga\Tests\Apps\GuitarAlchemistChatbot.Tests\GuitarAlchemistChatbot.Tests.csproj : warning NU1902: Package 'OpenTelemetry.Api' 1.10.0 has a known moderate severity vulnerability, https://github.com/advisories/GHSA-8785-wc3w-h8q6
C:\Users\spare\source\repos\ga\Common\GA.Business.Config\GA.Business.Config.fsproj : warning NU1504: Duplicate 'PackageReference' items found. Remove the duplicate items or use the Update functionality to ensure a consistent restore behavior. The duplicate 'PackageReference' items are: FSharp.Core 10.0.100-rc2.25502.107, FSharp.Core 10.0.100-rc2.25502.107.
C:\Users\spare\source\repos\ga\Common\GA.Business.Core\GA.Business.Core.csproj : warning NU1903: Package 'Newtonsoft.Json' 9.0.1 has a known high severity vulnerability, https://github.com/advisories/GHSA-5crp-9r3c-p9vr
C:\Program Files\dotnet\sdk\10.0.100-rc.2.25502.107\Microsoft.Common.CurrentVersion.targets(2189,5): warning MSB9008: The referenced project ..\..\..\Common\GA.Business.Core.Fretboard\GA.Business.Core.Fretboard.csproj does not exist. [C:\Users\spare\source\repos\ga\Apps\ga-server\GA.Fretboard.Service\GA.Fretboard.Service.csproj]
C:\Users\spare\source\repos\ga\Apps\ga-server\GA.Fretboard.Service\Controllers\ChordProgressionsController.cs(11,7): warning CS0105: The using directive for 'Microsoft.AspNetCore.RateLimiting' appeared previously in this namespace [C:\Users\spare\source\repos\ga\Apps\ga-server\GA.Fretboard.Service\GA.Fretboard.Service.csproj]
C:\Users\spare\source\repos\ga\Apps\ga-server\GA.Fretboard.Service\Controllers\ChordProgressionsController.cs(12,7): warning CS0105: The using directive for 'Microsoft.AspNetCore.Mvc' appeared previously in this namespace [C:\Users\spare\source\repos\ga\Apps\ga-server\GA.Fretboard.Service\GA.Fretboard.Service.csproj]
C:\Users\spare\source\repos\ga\Apps\ga-server\GA.Fretboard.Service\Controllers\ChordProgressionsController.cs(14,7): warning CS0105: The using directive for 'Microsoft.AspNetCore.RateLimiting' appeared previously in this namespace [C:\Users\spare\source\repos\ga\Apps\ga-server\GA.Fretboard.Service\GA.Fretboard.Service.csproj]
C:\Users\spare\source\repos\ga\Apps\ga-server\GA.Fretboard.Service\Controllers\ChordProgressionsController.cs(15,7): warning CS0105: The using directive for 'Microsoft.AspNetCore.Mvc' appeared previously in this namespace [C:\Users\spare\source\repos\ga\Apps\ga-server\GA.Fretboard.Service\GA.Fretboard.Service.csproj]
C:\Program Files\dotnet\sdk\10.0.100-rc.2.25502.107\Microsoft.Common.CurrentVersion.targets(2189,5): warning MSB9008: The referenced project ..\..\Common\GA.Business.Fretboard\GA.Business.Fretboard.csproj does not exist. [C:\Users\spare\source\repos\ga\Apps\AdvancedFretboardAnalysisDemo\AdvancedFretboardAnalysisDemo.csproj]
C:\Program Files\dotnet\sdk\10.0.100-rc.2.25502.107\Microsoft.Common.CurrentVersion.targets(2189,5): warning MSB9008: The referenced project ..\GA.Business.Harmony\GA.Business.Harmony.csproj does not exist. [C:\Users\spare\source\repos\ga\Common\GA.Business.Intelligence\GA.Business.Intelligence.csproj]
C:\Users\spare\source\repos\ga\Common\GA.Business.Core.Analysis.Gpu\GA.Business.Core.Analysis.Gpu.csproj : warning NU1903: Package 'Newtonsoft.Json' 9.0.1 has a known high severity vulnerability, https://github.com/advisories/GHSA-5crp-9r3c-p9vr
C:\Users\spare\source\repos\ga\Apps\ga-server\GA.AI.Service\Controllers\AdaptiveAIController.cs(11,7): warning CS0105: The using directive for 'Microsoft.AspNetCore.Mvc' appeared previously in this namespace [C:\Users\spare\source\repos\ga\Apps\ga-server\GA.AI.Service\GA.AI.Service.csproj]
C:\Users\spare\source\repos\ga\Apps\ga-server\GA.AI.Service\Controllers\EnhancedPersonalizationController.cs(7,7): warning CS0105: The using directive for 'Microsoft.AspNetCore.RateLimiting' appeared previously in this namespace [C:\Users\spare\source\repos\ga\Apps\ga-server\GA.AI.Service\GA.AI.Service.csproj]
C:\Users\spare\source\repos\ga\Apps\ga-server\GA.AI.Service\Controllers\EnhancedPersonalizationController.cs(8,7): warning CS0105: The using directive for 'Microsoft.AspNetCore.Mvc' appeared previously in this namespace [C:\Users\spare\source\repos\ga\Apps\ga-server\GA.AI.Service\GA.AI.Service.csproj]
C:\Users\spare\source\repos\ga\Apps\ga-server\GA.Fretboard.Service\Controllers\ContextualChordsController.cs(13,31): error CS0234: The type or namespace name 'ChordExtension' does not exist in the namespace 'GA.Fretboard.Service.Models' (are you missing an assembly reference?) [C:\Users\spare\source\repos\ga\Apps\ga-server\GA.Fretboard.Service\GA.Fretboard.Service.csproj]
C:\Users\spare\source\repos\ga\Apps\ga-server\GA.Fretboard.Service\Controllers\ContextualChordsController.cs(14,34): error CS0234: The type or namespace name 'ChordStackingType' does not exist in the namespace 'GA.Fretboard.Service.Models' (are you missing an assembly reference?) [C:\Users\spare\source\repos\ga\Apps\ga-server\GA.Fretboard.Service\GA.Fretboard.Service.csproj]
C:\Users\spare\source\repos\ga\Apps\ga-server\GA.Fretboard.Service\Controllers\GuitarPlayingController.cs(5,19): error CS0234: The type or namespace name 'AI' does not exist in the namespace 'GA.Business' (are you missing an assembly reference?) [C:\Users\spare\source\repos\ga\Apps\ga-server\GA.Fretboard.Service\GA.Fretboard.Service.csproj]
C:\Users\spare\source\repos\ga\Apps\ga-server\GA.Fretboard.Service\Controllers\GuitarPlayingController.cs(6,19): error CS0234: The type or namespace name 'AI' does not exist in the namespace 'GA.Business' (are you missing an assembly reference?) [C:\Users\spare\source\repos\ga\Apps\ga-server\GA.Fretboard.Service\GA.Fretboard.Service.csproj]
C:\Users\spare\source\repos\ga\Apps\ga-server\GA.Fretboard.Service\Services\MongoDbService.cs(36,29): error CS0246: The type or namespace name 'MusicRoomDocument' could not be found (are you missing a using directive or an assembly reference?) [C:\Users\spare\source\repos\ga\Apps\ga-server\GA.Fretboard.Service\GA.Fretboard.Service.csproj]
C:\Users\spare\source\repos\ga\Apps\ga-server\GA.Fretboard.Service\Services\MongoDbService.cs(39,29): error CS0246: The type or namespace name 'RoomGenerationJob' could not be found (are you missing a using directive or an assembly reference?) [C:\Users\spare\source\repos\ga\Apps\ga-server\GA.Fretboard.Service\GA.Fretboard.Service.csproj]
C:\Users\spare\source\repos\ga\Apps\ga-server\GA.Fretboard.Service\Services\MongoDbService.cs(208,23): error CS0246: The type or namespace name 'ChordStatistics' could not be found (are you missing a using directive or an assembly reference?) [C:\Users\spare\source\repos\ga\Apps\ga-server\GA.Fretboard.Service\GA.Fretboard.Service.csproj]
C:\Users\spare\source\repos\ga\Apps\ga-server\GA.Fretboard.Service\Controllers\GuitarAgentTasksController.cs(16,5): error CS0246: The type or namespace name 'ActorSystemManager' could not be found (are you missing a using directive or an assembly reference?) [C:\Users\spare\source\repos\ga\Apps\ga-server\GA.Fretboard.Service\GA.Fretboard.Service.csproj]
C:\Users\spare\source\repos\ga\Apps\ga-server\GA.Fretboard.Service\Controllers\GuitarAgentTasksController.cs(28,20): error CS0246: The type or namespace name 'SpiceUpProgressionRequest' could not be found (are you missing a using directive or an assembly reference?) [C:\Users\spare\source\repos\ga\Apps\ga-server\GA.Fretboard.Service\GA.Fretboard.Service.csproj]
C:\Users\spare\source\repos\ga\Apps\ga-server\GA.Fretboard.Service\Controllers\GuitarAgentTasksController.cs(61,20): error CS0246: The type or namespace name 'ReharmonizeProgressionRequest' could not be found (are you missing a using directive or an assembly reference?) [C:\Users\spare\source\repos\ga\Apps\ga-server\GA.Fretboard.Service\GA.Fretboard.Service.csproj]
C:\Users\spare\source\repos\ga\Apps\ga-server\GA.Fretboard.Service\Controllers\GuitarAgentTasksController.cs(222,12): error CS0246: The type or namespace name 'GuitarAgentResponse' could not be found (are you missing a using directive or an assembly reference?) [C:\Users\spare\source\repos\ga\Apps\ga-server\GA.Fretboard.Service\GA.Fretboard.Service.csproj]
C:\Users\spare\source\repos\ga\Apps\ga-server\GA.Fretboard.Service\Controllers\ChordProgressionsController.cs(25,5): error CS0246: The type or namespace name 'IShapeGraphBuilder' could not be found (are you missing a using directive or an assembly reference?) [C:\Users\spare\source\repos\ga\Apps\ga-server\GA.Fretboard.Service\GA.Fretboard.Service.csproj]
C:\Users\spare\source\repos\ga\Apps\ga-server\GA.Fretboard.Service\Controllers\ChordProgressionsController.cs(26,5): error CS0246: The type or namespace name 'ProgressionAnalyzer' could not be found (are you missing a using directive or an assembly reference?) [C:\Users\spare\source\repos\ga\Apps\ga-server\GA.Fretboard.Service\GA.Fretboard.Service.csproj]
C:\Users\spare\source\repos\ga\Apps\ga-server\GA.Fretboard.Service\Controllers\ChordProgressionsController.cs(27,5): error CS0246: The type or namespace name 'HarmonicDynamics' could not be found (are you missing a using directive or an assembly reference?) [C:\Users\spare\source\repos\ga\Apps\ga-server\GA.Fretboard.Service\GA.Fretboard.Service.csproj]
C:\Users\spare\source\repos\ga\Apps\ga-server\GA.Fretboard.Service\Controllers\ContextualChordsController.cs(23,5): error CS0246: The type or namespace name 'IContextualChordService' could not be found (are you missing a using directive or an assembly reference?) [C:\Users\spare\source\repos\ga\Apps\ga-server\GA.Fretboard.Service\GA.Fretboard.Service.csproj]
C:\Users\spare\source\repos\ga\Apps\ga-server\GA.Fretboard.Service\Controllers\ContextualChordsController.cs(24,5): error CS0246: The type or namespace name 'IVoicingFilterService' could not be found (are you missing a using directive or an assembly reference?) [C:\Users\spare\source\repos\ga\Apps\ga-server\GA.Fretboard.Service\GA.Fretboard.Service.csproj]
C:\Users\spare\source\repos\ga\Apps\ga-server\GA.Fretboard.Service\Controllers\ContextualChordsController.cs(25,5): error CS0246: The type or namespace name 'IModulationService' could not be found (are you missing a using directive or an assembly reference?) [C:\Users\spare\source\repos\ga\Apps\ga-server\GA.Fretboard.Service\GA.Fretboard.Service.csproj]
C:\Users\spare\source\repos\ga\Apps\ga-server\GA.Fretboard.Service\Controllers\GuitarPlayingController.cs(17,5): error CS0246: The type or namespace name 'HandPoseClient' could not be found (are you missing a using directive or an assembly reference?) [C:\Users\spare\source\repos\ga\Apps\ga-server\GA.Fretboard.Service\GA.Fretboard.Service.csproj]
C:\Users\spare\source\repos\ga\Apps\ga-server\GA.Fretboard.Service\Controllers\GuitarPlayingController.cs(18,5): error CS0246: The type or namespace name 'SoundBankClient' could not be found (are you missing a using directive or an assembly reference?) [C:\Users\spare\source\repos\ga\Apps\ga-server\GA.Fretboard.Service\GA.Fretboard.Service.csproj]
C:\Users\spare\source\repos\ga\Apps\ga-server\GA.Fretboard.Service\Controllers\GuitarAgentTasksController.cs(94,20): error CS0246: The type or namespace name 'CreateProgressionRequest' could not be found (are you missing a using directive or an assembly reference?) [C:\Users\spare\source\repos\ga\Apps\ga-server\GA.Fretboard.Service\GA.Fretboard.Service.csproj]
C:\Users\spare\source\repos\ga\Apps\ga-server\GA.Fretboard.Service\Controllers\GuitarPlayingController.cs(136,20): error CS0246: The type or namespace name 'SoundGenerationRequest' could not be found (are you missing a using directive or an assembly reference?) [C:\Users\spare\source\repos\ga\Apps\ga-server\GA.Fretboard.Service\GA.Fretboard.Service.csproj]
C:\Users\spare\source\repos\ga\Apps\ga-server\GA.Fretboard.Service\Controllers\MonadicChordsController.cs(247,51): error CS0246: The type or namespace name 'ChordError' could not be found (are you missing a using directive or an assembly reference?) [C:\Users\spare\source\repos\ga\Apps\ga-server\GA.Fretboard.Service\GA.Fretboard.Service.csproj]
C:\Users\spare\source\repos\ga\Apps\ga-server\GA.Fretboard.Service\Controllers\MonadicChordsController.cs(17,22): error CS0246: The type or namespace name 'MonadicChordService' could not be found (are you missing a using directive or an assembly reference?) [C:\Users\spare\source\repos\ga\Apps\ga-server\GA.Fretboard.Service\GA.Fretboard.Service.csproj]
C:\Users\spare\source\repos\ga\Apps\ga-server\GA.Fretboard.Service\Controllers\MonadicChordsController.cs(20,9): error CS0246: The type or namespace name 'MonadicChordService' could not be found (are you missing a using directive or an assembly reference?) [C:\Users\spare\source\repos\ga\Apps\ga-server\GA.Fretboard.Service\GA.Fretboard.Service.csproj]
C:\Users\spare\source\repos\ga\Apps\ga-server\GA.Fretboard.Service\Controllers\GuitarPlayingController.cs(61,20): error CS0246: The type or namespace name 'GuitarMappingRequest' could not be found (are you missing a using directive or an assembly reference?) [C:\Users\spare\source\repos\ga\Apps\ga-server\GA.Fretboard.Service\GA.Fretboard.Service.csproj]
C:\Users\spare\source\repos\ga\Apps\ga-server\GA.Fretboard.Service\Controllers\ContextualChordsController.cs(242,21): error CS0246: The type or namespace name 'PlayabilityLevel' could not be found (are you missing a using directive or an assembly reference?) [C:\Users\spare\source\repos\ga\Apps\ga-server\GA.Fretboard.Service\GA.Fretboard.Service.csproj]
C:\Users\spare\source\repos\ga\Apps\ga-server\GA.Fretboard.Service\Controllers\ContextualChordsController.cs(245,21): error CS0246: The type or namespace name 'CagedShape' could not be found (are you missing a using directive or an assembly reference?) [C:\Users\spare\source\repos\ga\Apps\ga-server\GA.Fretboard.Service\GA.Fretboard.Service.csproj]
C:\Users\spare\source\repos\ga\Apps\ga-server\GA.Fretboard.Service\Controllers\GuitarPlayingController.cs(289,20): error CS0246: The type or namespace name 'SearchRequest' could not be found (are you missing a using directive or an assembly reference?) [C:\Users\spare\source\repos\ga\Apps\ga-server\GA.Fretboard.Service\GA.Fretboard.Service.csproj]
C:\Users\spare\source\repos\ga\Apps\ga-server\GA.Fretboard.Service\Controllers\ChordProgressionsController.cs(548,51): error CS0246: The type or namespace name 'DynamicalSystemInfo' could not be found (are you missing a using directive or an assembly reference?) [C:\Users\spare\source\repos\ga\Apps\ga-server\GA.Fretboard.Service\GA.Fretboard.Service.csproj]
C:\Users\spare\source\repos\ga\Apps\ga-server\GA.Fretboard.Service\Controllers\ContextualChordsController.cs(43,58): error CS0246: The type or namespace name 'ChordInContextDto' could not be found (are you missing a using directive or an assembly reference?) [C:\Users\spare\source\repos\ga\Apps\ga-server\GA.Fretboard.Service\GA.Fretboard.Service.csproj]
C:\Users\spare\source\repos\ga\Apps\ga-server\GA.Fretboard.Service\Controllers\GuitarPlayingController.cs(26,34): error CS0246: The type or namespace name 'HandPoseResponse' could not be found (are you missing a using directive or an assembly reference?) [C:\Users\spare\source\repos\ga\Apps\ga-server\GA.Fretboard.Service\GA.Fretboard.Service.csproj]
C:\Users\spare\source\repos\ga\Apps\ga-server\GA.Fretboard.Service\Controllers\GuitarPlayingController.cs(57,34): error CS0246: The type or namespace name 'GuitarMappingResponse' could not be found (are you missing a using directive or an assembly reference?) [C:\Users\spare\source\repos\ga\Apps\ga-server\GA.Fretboard.Service\GA.Fretboard.Service.csproj]
C:\Users\spare\source\repos\ga\Apps\ga-server\GA.Fretboard.Service\Controllers\GuitarPlayingController.cs(132,34): error CS0246: The type or namespace name 'JobResponse' could not be found (are you missing a using directive or an assembly reference?) [C:\Users\spare\source\repos\ga\Apps\ga-server\GA.Fretboard.Service\GA.Fretboard.Service.csproj]
C:\Users\spare\source\repos\ga\Apps\ga-server\GA.Fretboard.Service\Controllers\ContextualChordsController.cs(112,58): error CS0246: The type or namespace name 'ChordInContextDto' could not be found (are you missing a using directive or an assembly reference?) [C:\Users\spare\source\repos\ga\Apps\ga-server\GA.Fretboard.Service\GA.Fretboard.Service.csproj]
C:\Users\spare\source\repos\ga\Apps\ga-server\GA.Fretboard.Service\Controllers\GuitarPlayingController.cs(159,34): error CS0246: The type or namespace name 'JobStatusResponse' could not be found (are you missing a using directive or an assembly reference?) [C:\Users\spare\source\repos\ga\Apps\ga-server\GA.Fretboard.Service\GA.Fretboard.Service.csproj]
C:\Users\spare\source\repos\ga\Apps\ga-server\GA.Fretboard.Service\Controllers\MonadicChordsController.cs(203,34): error CS0246: The type or namespace name 'ChordStatistics' could not be found (are you missing a using directive or an assembly reference?) [C:\Users\spare\source\repos\ga\Apps\ga-server\GA.Fretboard.Service\GA.Fretboard.Service.csproj]
C:\Users\spare\source\repos\ga\Apps\ga-server\GA.Fretboard.Service\Controllers\ContextualChordsController.cs(171,58): error CS0246: The type or namespace name 'ChordInContextDto' could not be found (are you missing a using directive or an assembly reference?) [C:\Users\spare\source\repos\ga\Apps\ga-server\GA.Fretboard.Service\GA.Fretboard.Service.csproj]
C:\Users\spare\source\repos\ga\Apps\ga-server\GA.Fretboard.Service\Controllers\GuitarPlayingController.cs(286,34): error CS0246: The type or namespace name 'SearchResponse' could not be found (are you missing a using directive or an assembly reference?) [C:\Users\spare\source\repos\ga\Apps\ga-server\GA.Fretboard.Service\GA.Fretboard.Service.csproj]
C:\Users\spare\source\repos\ga\Apps\ga-server\GA.Fretboard.Service\Controllers\ContextualChordsController.cs(237,58): error CS0246: The type or namespace name 'VoicingWithAnalysisDto' could not be found (are you missing a using directive or an assembly reference?) [C:\Users\spare\source\repos\ga\Apps\ga-server\GA.Fretboard.Service\GA.Fretboard.Service.csproj]
C:\Users\spare\source\repos\ga\Apps\ga-server\GA.Fretboard.Service\Controllers\ContextualChordsController.cs(380,34): error CS0246: The type or namespace name 'ModulationSuggestionDto' could not be found (are you missing a using directive or an assembly reference?) [C:\Users\spare\source\repos\ga\Apps\ga-server\GA.Fretboard.Service\GA.Fretboard.Service.csproj]
C:\Users\spare\source\repos\ga\Apps\ga-server\GA.Fretboard.Service\Controllers\ContextualChordsController.cs(422,46): error CS0246: The type or namespace name 'ModulationSuggestionDto' could not be found (are you missing a using directive or an assembly reference?) [C:\Users\spare\source\repos\ga\Apps\ga-server\GA.Fretboard.Service\GA.Fretboard.Service.csproj]
C:\Users\spare\source\repos\ga\Apps\ga-server\GA.AI.Service\Controllers\AdaptiveAIController.cs(4,7): error CS0246: The type or namespace name 'Actors' could not be found (are you missing a using directive or an assembly reference?) [C:\Users\spare\source\repos\ga\Apps\ga-server\GA.AI.Service\GA.AI.Service.csproj]
C:\Users\spare\source\repos\ga\Apps\ga-server\GA.AI.Service\Services\MongoDbService.cs(208,23): error CS0246: The type or namespace name 'ChordStatistics' could not be found (are you missing a using directive or an assembly reference?) [C:\Users\spare\source\repos\ga\Apps\ga-server\GA.AI.Service\GA.AI.Service.csproj]
C:\Users\spare\source\repos\ga\Apps\ga-server\GA.AI.Service\Controllers\AdaptiveAIController.cs(22,5): error CS0246: The type or namespace name 'IShapeGraphBuilder' could not be found (are you missing a using directive or an assembly reference?) [C:\Users\spare\source\repos\ga\Apps\ga-server\GA.AI.Service\GA.AI.Service.csproj]
C:\Users\spare\source\repos\ga\Apps\ga-server\GA.AI.Service\Controllers\AdaptiveAIController.cs(23,5): error CS0246: The type or namespace name 'ActorSystemManager' could not be found (are you missing a using directive or an assembly reference?) [C:\Users\spare\source\repos\ga\Apps\ga-server\GA.AI.Service\GA.AI.Service.csproj]
C:\Users\spare\source\repos\ga\Apps\ga-server\GA.AI.Service\Controllers\AdvancedAIController.cs(18,5): error CS0246: The type or namespace name 'IShapeGraphBuilder' could not be found (are you missing a using directive or an assembly reference?) [C:\Users\spare\source\repos\ga\Apps\ga-server\GA.AI.Service\GA.AI.Service.csproj]
C:\Users\spare\source\repos\ga\Apps\ga-server\GA.AI.Service\Controllers\SemanticSearchController.cs(16,5): error CS0246: The type or namespace name 'SemanticSearchService' could not be found (are you missing a using directive or an assembly reference?) [C:\Users\spare\source\repos\ga\Apps\ga-server\GA.AI.Service\GA.AI.Service.csproj]
C:\Users\spare\source\repos\ga\Apps\ga-server\GA.AI.Service\Controllers\VectorSearchStrategyController.cs(11,5): error CS0246: The type or namespace name 'EnhancedVectorSearchService' could not be found (are you missing a using directive or an assembly reference?) [C:\Users\spare\source\repos\ga\Apps\ga-server\GA.AI.Service\GA.AI.Service.csproj]
C:\Users\spare\source\repos\ga\Apps\ga-server\GA.AI.Service\Controllers\AdvancedAIController.cs(272,13): error CS0246: The type or namespace name 'StyleLearningSystem' could not be found (are you missing a using directive or an assembly reference?) [C:\Users\spare\source\repos\ga\Apps\ga-server\GA.AI.Service\GA.AI.Service.csproj]
C:\Users\spare\source\repos\ga\Apps\ga-server\GA.AI.Service\Controllers\VectorSearchController.cs(11,5): error CS0246: The type or namespace name 'VectorSearchService' could not be found (are you missing a using directive or an assembly reference?) [C:\Users\spare\source\repos\ga\Apps\ga-server\GA.AI.Service\GA.AI.Service.csproj]
C:\Users\spare\source\repos\ga\Apps\ga-server\GA.AI.Service\Controllers\VectorSearchController.cs(12,5): error CS0246: The type or namespace name 'ICachingService' could not be found (are you missing a using directive or an assembly reference?) [C:\Users\spare\source\repos\ga\Apps\ga-server\GA.AI.Service\GA.AI.Service.csproj]
C:\Users\spare\source\repos\ga\Apps\ga-server\GA.AI.Service\Controllers\AdvancedAIController.cs(283,13): error CS0246: The type or namespace name 'PatternRecognitionSystem' could not be found (are you missing a using directive or an assembly reference?) [C:\Users\spare\source\repos\ga\Apps\ga-server\GA.AI.Service\GA.AI.Service.csproj]
C:\Users\spare\source\repos\ga\Apps\ga-server\GA.AI.Service\Controllers\EnhancedPersonalizationController.cs(18,5): error CS0246: The type or namespace name 'EnhancedUserPersonalizationService' could not be found (are you missing a using directive or an assembly reference?) [C:\Users\spare\source\repos\ga\Apps\ga-server\GA.AI.Service\GA.AI.Service.csproj]
C:\Users\spare\source\repos\ga\Apps\ga-server\GA.AI.Service\Controllers\VectorSearchStrategyController.cs(19,25): error CS0246: The type or namespace name 'VectorSearchStrategyInfo' could not be found (are you missing a using directive or an assembly reference?) [C:\Users\spare\source\repos\ga\Apps\ga-server\GA.AI.Service\GA.AI.Service.csproj]
C:\Users\spare\source\repos\ga\Apps\ga-server\GA.AI.Service\Controllers\VectorSearchController.cs(25,41): error CS0246: The type or namespace name 'ChordSearchResult' could not be found (are you missing a using directive or an assembly reference?) [C:\Users\spare\source\repos\ga\Apps\ga-server\GA.AI.Service\GA.AI.Service.csproj]
C:\Users\spare\source\repos\ga\Apps\ga-server\GA.AI.Service\Controllers\VectorSearchStrategyController.cs(37,44): error CS0246: The type or namespace name 'VectorSearchPerformance' could not be found (are you missing a using directive or an assembly reference?) [C:\Users\spare\source\repos\ga\Apps\ga-server\GA.AI.Service\GA.AI.Service.csproj]
C:\Users\spare\source\repos\ga\Apps\ga-server\GA.AI.Service\Controllers\VectorSearchController.cs(68,41): error CS0246: The type or namespace name 'ChordSearchResult' could not be found (are you missing a using directive or an assembly reference?) [C:\Users\spare\source\repos\ga\Apps\ga-server\GA.AI.Service\GA.AI.Service.csproj]
C:\Users\spare\source\repos\ga\Apps\ga-server\GA.AI.Service\Controllers\AdvancedAIController.cs(294,56): error CS0246: The type or namespace name 'PlayerStyleProfile' could not be found (are you missing a using directive or an assembly reference?) [C:\Users\spare\source\repos\ga\Apps\ga-server\GA.AI.Service\GA.AI.Service.csproj]
C:\Users\spare\source\repos\ga\Apps\ga-server\GA.AI.Service\Controllers\VectorSearchStrategyController.cs(97,44): error CS0246: The type or namespace name 'VectorSearchStats' could not be found (are you missing a using directive or an assembly reference?) [C:\Users\spare\source\repos\ga\Apps\ga-server\GA.AI.Service\GA.AI.Service.csproj]
C:\Users\spare\source\repos\ga\Apps\ga-server\GA.AI.Service\Controllers\AdvancedAIController.cs(24,48): error CS0246: The type or namespace name 'StyleLearningSystem' could not be found (are you missing a using directive or an assembly reference?) [C:\Users\spare\source\repos\ga\Apps\ga-server\GA.AI.Service\GA.AI.Service.csproj]
C:\Users\spare\source\repos\ga\Apps\ga-server\GA.AI.Service\Controllers\AdvancedAIController.cs(25,48): error CS0246: The type or namespace name 'PatternRecognitionSystem' could not be found (are you missing a using directive or an assembly reference?) [C:\Users\spare\source\repos\ga\Apps\ga-server\GA.AI.Service\GA.AI.Service.csproj]
C:\Users\spare\source\repos\ga\Apps\ga-server\GA.AI.Service\Controllers\VectorSearchController.cs(107,41): error CS0246: The type or namespace name 'ChordSearchResult' could not be found (are you missing a using directive or an assembly reference?) [C:\Users\spare\source\repos\ga\Apps\ga-server\GA.AI.Service\GA.AI.Service.csproj]
C:\Users\spare\source\repos\ga\Apps\ga-server\GA.AI.Service\Controllers\EnhancedPersonalizationController.cs(33,20): error CS0246: The type or namespace name 'AdaptiveLearningRequest' could not be found (are you missing a using directive or an assembly reference?) [C:\Users\spare\source\repos\ga\Apps\ga-server\GA.AI.Service\GA.AI.Service.csproj]
C:\Users\spare\source\repos\ga\Apps\ga-server\GA.AI.Service\Controllers\EnhancedPersonalizationController.cs(31,36): error CS0246: The type or namespace name 'AdaptiveLearningPath' could not be found (are you missing a using directive or an assembly reference?) [C:\Users\spare\source\repos\ga\Apps\ga-server\GA.AI.Service\GA.AI.Service.csproj]
C:\Users\spare\source\repos\ga\Apps\ga-server\GA.AI.Service\Controllers\EnhancedPersonalizationController.cs(70,20): error CS0246: The type or namespace name 'PerformanceData' could not be found (are you missing a using directive or an assembly reference?) [C:\Users\spare\source\repos\ga\Apps\ga-server\GA.AI.Service\GA.AI.Service.csproj]
C:\Users\spare\source\repos\ga\Apps\ga-server\GA.AI.Service\Controllers\EnhancedPersonalizationController.cs(67,36): error CS0246: The type or namespace name 'AdaptationResult' could not be found (are you missing a using directive or an assembly reference?) [C:\Users\spare\source\repos\ga\Apps\ga-server\GA.AI.Service\GA.AI.Service.csproj]
C:\Users\spare\source\repos\ga\Apps\ga-server\GA.AI.Service\Controllers\EnhancedPersonalizationController.cs(105,20): error CS0246: The type or namespace name 'PracticeSessionRequest' could not be found (are you missing a using directive or an assembly reference?) [C:\Users\spare\source\repos\ga\Apps\ga-server\GA.AI.Service\GA.AI.Service.csproj]
C:\Users\spare\source\repos\ga\Apps\ga-server\GA.AI.Service\Controllers\EnhancedPersonalizationController.cs(103,36): error CS0246: The type or namespace name 'IntelligentPracticeSession' could not be found (are you missing a using directive or an assembly reference?) [C:\Users\spare\source\repos\ga\Apps\ga-server\GA.AI.Service\GA.AI.Service.csproj]
C:\Users\spare\source\repos\ga\Apps\ga-server\GA.AI.Service\Controllers\EnhancedPersonalizationController.cs(143,36): error CS0246: The type or namespace name 'LearningAssistance' could not be found (are you missing a using directive or an assembly reference?) [C:\Users\spare\source\repos\ga\Apps\ga-server\GA.AI.Service\GA.AI.Service.csproj]
C:\Users\spare\source\repos\ga\Apps\ga-server\GA.AI.Service\Controllers\EnhancedPersonalizationController.cs(181,36): error CS0246: The type or namespace name 'EngagementAnalysis' could not be found (are you missing a using directive or an assembly reference?) [C:\Users\spare\source\repos\ga\Apps\ga-server\GA.AI.Service\GA.AI.Service.csproj]
C:\Users\spare\source\repos\ga\Apps\ga-server\GA.AI.Service\Controllers\EnhancedPersonalizationController.cs(220,36): error CS0246: The type or namespace name 'PersonalizedAchievementSystem' could not be found (are you missing a using directive or an assembly reference?) [C:\Users\spare\source\repos\ga\Apps\ga-server\GA.AI.Service\GA.AI.Service.csproj]
C:\Users\spare\source\repos\ga\Apps\ga-server\GA.AI.Service\Controllers\EnhancedPersonalizationController.cs(253,41): error CS0246: The type or namespace name 'AdaptedRecommendation' could not be found (are you missing a using directive or an assembly reference?) [C:\Users\spare\source\repos\ga\Apps\ga-server\GA.AI.Service\GA.AI.Service.csproj]
C:\Users\spare\source\repos\ga\Apps\ga-server\GA.AI.Service\Controllers\EnhancedPersonalizationController.cs(28,34): error CS0246: The type or namespace name 'AdaptiveLearningPath' could not be found (are you missing a using directive or an assembly reference?) [C:\Users\spare\source\repos\ga\Apps\ga-server\GA.AI.Service\GA.AI.Service.csproj]
C:\Users\spare\source\repos\ga\Apps\ga-server\GA.AI.Service\Controllers\EnhancedPersonalizationController.cs(64,34): error CS0246: The type or namespace name 'AdaptationResult' could not be found (are you missing a using directive or an assembly reference?) [C:\Users\spare\source\repos\ga\Apps\ga-server\GA.AI.Service\GA.AI.Service.csproj]
C:\Users\spare\source\repos\ga\Apps\ga-server\GA.AI.Service\Controllers\EnhancedPersonalizationController.cs(100,34): error CS0246: The type or namespace name 'IntelligentPracticeSession' could not be found (are you missing a using directive or an assembly reference?) [C:\Users\spare\source\repos\ga\Apps\ga-server\GA.AI.Service\GA.AI.Service.csproj]
C:\Users\spare\source\repos\ga\Apps\ga-server\GA.AI.Service\Controllers\EnhancedPersonalizationController.cs(141,34): error CS0246: The type or namespace name 'LearningAssistance' could not be found (are you missing a using directive or an assembly reference?) [C:\Users\spare\source\repos\ga\Apps\ga-server\GA.AI.Service\GA.AI.Service.csproj]
C:\Users\spare\source\repos\ga\Apps\ga-server\GA.AI.Service\Controllers\EnhancedPersonalizationController.cs(178,34): error CS0246: The type or namespace name 'EngagementAnalysis' could not be found (are you missing a using directive or an assembly reference?) [C:\Users\spare\source\repos\ga\Apps\ga-server\GA.AI.Service\GA.AI.Service.csproj]
C:\Users\spare\source\repos\ga\Apps\ga-server\GA.AI.Service\Controllers\EnhancedPersonalizationController.cs(217,34): error CS0246: The type or namespace name 'PersonalizedAchievementSystem' could not be found (are you missing a using directive or an assembly reference?) [C:\Users\spare\source\repos\ga\Apps\ga-server\GA.AI.Service\GA.AI.Service.csproj]
C:\Users\spare\source\repos\ga\Apps\ga-server\GA.AI.Service\Controllers\EnhancedPersonalizationController.cs(250,39): error CS0246: The type or namespace name 'AdaptedRecommendation' could not be found (are you missing a using directive or an assembly reference?) [C:\Users\spare\source\repos\ga\Apps\ga-server\GA.AI.Service\GA.AI.Service.csproj]
    48 Warning(s)
    79 Error(s)

Time Elapsed 00:00:05.16
